  main.cpp
C:\local\project\UAMOptimization\FrameworkCpp\vcpkg_installed\x64-windows\include\eigen3\Eigen\src\Core\MathFunctions.h(811,1): warning C4819: 현재 코드 페이지(949)에서 표시할 수 없는 문자가 파일에 들어 있습니다. 데이터가 손실되지 않게 하려면 해당 파일을 유니코드 형식으로 저장하십시오.
  (소스 파일 'app/main.cpp'을(를) 컴파일하는 중)
  
C:\local\project\UAMOptimization\FrameworkCpp\vcpkg_installed\x64-windows\include\eigen3\Eigen\src\Core\arch\Default\Half.h(1,1): warning C4819: 현재 코드 페이지(949)에서 표시할 수 없는 문자가 파일에 들어 있습니다. 데이터가 손실되지 않게 하려면 해당 파일을 유니코드 형식으로 저장하십시오.
  (소스 파일 'app/main.cpp'을(를) 컴파일하는 중)
  
C:\local\project\UAMOptimization\FrameworkCpp\vcpkg_installed\x64-windows\include\eigen3\Eigen\src\Core\arch\Default\BFloat16.h(1,1): warning C4819: 현재 코드 페이지(949)에서 표시할 수 없는 문자가 파일에 들어 있습니다. 데이터가 손실되지 않게 하려면 해당 파일을 유니코드 형식으로 저장하십시오.
  (소스 파일 'app/main.cpp'을(를) 컴파일하는 중)
  
C:\local\project\UAMOptimization\FrameworkCpp\vcpkg_installed\x64-windows\include\eigen3\Eigen\src\Core\arch\Default\GenericPacketMathFunctions.h(1335,1): warning C4819: 현재 코드 페이지(949)에서 표시할 수 없는 문자가 파일에 들어 있습니다. 데이터가 손실되지 않게 하려면 해당 파일을 유니코드 형식으로 저장하십시오.
  (소스 파일 'app/main.cpp'을(를) 컴파일하는 중)
  
C:\local\project\UAMOptimization\FrameworkCpp\vcpkg_installed\x64-windows\include\eigen3\Eigen\src\Core\arch\Default\GenericPacketMathFunctions.h(1941,1): warning C4819: 현재 코드 페이지(949)에서 표시할 수 없는 문자가 파일에 들어 있습니다. 데이터가 손실되지 않게 하려면 해당 파일을 유니코드 형식으로 저장하십시오.
  (소스 파일 'app/main.cpp'을(를) 컴파일하는 중)
  
C:\local\project\UAMOptimization\FrameworkCpp\vcpkg_installed\x64-windows\include\eigen3\Eigen\src\Core\SkewSymmetricMatrix3.h(1,1): warning C4819: 현재 코드 페이지(949)에서 표시할 수 없는 문자가 파일에 들어 있습니다. 데이터가 손실되지 않게 하려면 해당 파일을 유니코드 형식으로 저장하십시오.
  (소스 파일 'app/main.cpp'을(를) 컴파일하는 중)
  
C:\local\project\UAMOptimization\FrameworkCpp\vcpkg_installed\x64-windows\include\eigen3\Eigen\src\Core\products\GeneralBlockPanelKernel.h(2480,1): warning C4819: 현재 코드 페이지(949)에서 표시할 수 없는 문자가 파일에 들어 있습니다. 데이터가 손실되지 않게 하려면 해당 파일을 유니코드 형식으로 저장하십시오.
  (소스 파일 'app/main.cpp'을(를) 컴파일하는 중)
  
  ComparisonReporter.cpp
C:\local\project\UAMOptimization\FrameworkCpp\vcpkg_installed\x64-windows\include\eigen3\Eigen\src\Core\MathFunctions.h(811,1): warning C4819: 현재 코드 페이지(949)에서 표시할 수 없는 문자가 파일에 들어 있습니다. 데이터가 손실되지 않게 하려면 해당 파일을 유니코드 형식으로 저장하십시오.
  (소스 파일 'src/analysis/ComparisonReporter.cpp'을(를) 컴파일하는 중)
  
C:\local\project\UAMOptimization\FrameworkCpp\vcpkg_installed\x64-windows\include\eigen3\Eigen\src\Core\arch\Default\Half.h(1,1): warning C4819: 현재 코드 페이지(949)에서 표시할 수 없는 문자가 파일에 들어 있습니다. 데이터가 손실되지 않게 하려면 해당 파일을 유니코드 형식으로 저장하십시오.
  (소스 파일 'src/analysis/ComparisonReporter.cpp'을(를) 컴파일하는 중)
  
C:\local\project\UAMOptimization\FrameworkCpp\vcpkg_installed\x64-windows\include\eigen3\Eigen\src\Core\arch\Default\BFloat16.h(1,1): warning C4819: 현재 코드 페이지(949)에서 표시할 수 없는 문자가 파일에 들어 있습니다. 데이터가 손실되지 않게 하려면 해당 파일을 유니코드 형식으로 저장하십시오.
  (소스 파일 'src/analysis/ComparisonReporter.cpp'을(를) 컴파일하는 중)
  
C:\local\project\UAMOptimization\FrameworkCpp\vcpkg_installed\x64-windows\include\eigen3\Eigen\src\Core\arch\Default\GenericPacketMathFunctions.h(1335,1): warning C4819: 현재 코드 페이지(949)에서 표시할 수 없는 문자가 파일에 들어 있습니다. 데이터가 손실되지 않게 하려면 해당 파일을 유니코드 형식으로 저장하십시오.
  (소스 파일 'src/analysis/ComparisonReporter.cpp'을(를) 컴파일하는 중)
  
C:\local\project\UAMOptimization\FrameworkCpp\vcpkg_installed\x64-windows\include\eigen3\Eigen\src\Core\arch\Default\GenericPacketMathFunctions.h(1941,1): warning C4819: 현재 코드 페이지(949)에서 표시할 수 없는 문자가 파일에 들어 있습니다. 데이터가 손실되지 않게 하려면 해당 파일을 유니코드 형식으로 저장하십시오.
  (소스 파일 'src/analysis/ComparisonReporter.cpp'을(를) 컴파일하는 중)
  
C:\local\project\UAMOptimization\FrameworkCpp\vcpkg_installed\x64-windows\include\eigen3\Eigen\src\Core\SkewSymmetricMatrix3.h(1,1): warning C4819: 현재 코드 페이지(949)에서 표시할 수 없는 문자가 파일에 들어 있습니다. 데이터가 손실되지 않게 하려면 해당 파일을 유니코드 형식으로 저장하십시오.
  (소스 파일 'src/analysis/ComparisonReporter.cpp'을(를) 컴파일하는 중)
  
C:\local\project\UAMOptimization\FrameworkCpp\vcpkg_installed\x64-windows\include\eigen3\Eigen\src\Core\products\GeneralBlockPanelKernel.h(2480,1): warning C4819: 현재 코드 페이지(949)에서 표시할 수 없는 문자가 파일에 들어 있습니다. 데이터가 손실되지 않게 하려면 해당 파일을 유니코드 형식으로 저장하십시오.
  (소스 파일 'src/analysis/ComparisonReporter.cpp'을(를) 컴파일하는 중)
  
  CsvExporter.cpp
C:\local\project\UAMOptimization\FrameworkCpp\vcpkg_installed\x64-windows\include\eigen3\Eigen\src\Core\MathFunctions.h(811,1): warning C4819: 현재 코드 페이지(949)에서 표시할 수 없는 문자가 파일에 들어 있습니다. 데이터가 손실되지 않게 하려면 해당 파일을 유니코드 형식으로 저장하십시오.
  (소스 파일 'src/analysis/CsvExporter.cpp'을(를) 컴파일하는 중)
  
C:\local\project\UAMOptimization\FrameworkCpp\vcpkg_installed\x64-windows\include\eigen3\Eigen\src\Core\arch\Default\Half.h(1,1): warning C4819: 현재 코드 페이지(949)에서 표시할 수 없는 문자가 파일에 들어 있습니다. 데이터가 손실되지 않게 하려면 해당 파일을 유니코드 형식으로 저장하십시오.
  (소스 파일 'src/analysis/CsvExporter.cpp'을(를) 컴파일하는 중)
  
C:\local\project\UAMOptimization\FrameworkCpp\vcpkg_installed\x64-windows\include\eigen3\Eigen\src\Core\arch\Default\BFloat16.h(1,1): warning C4819: 현재 코드 페이지(949)에서 표시할 수 없는 문자가 파일에 들어 있습니다. 데이터가 손실되지 않게 하려면 해당 파일을 유니코드 형식으로 저장하십시오.
  (소스 파일 'src/analysis/CsvExporter.cpp'을(를) 컴파일하는 중)
  
C:\local\project\UAMOptimization\FrameworkCpp\vcpkg_installed\x64-windows\include\eigen3\Eigen\src\Core\arch\Default\GenericPacketMathFunctions.h(1335,1): warning C4819: 현재 코드 페이지(949)에서 표시할 수 없는 문자가 파일에 들어 있습니다. 데이터가 손실되지 않게 하려면 해당 파일을 유니코드 형식으로 저장하십시오.
  (소스 파일 'src/analysis/CsvExporter.cpp'을(를) 컴파일하는 중)
  
C:\local\project\UAMOptimization\FrameworkCpp\vcpkg_installed\x64-windows\include\eigen3\Eigen\src\Core\arch\Default\GenericPacketMathFunctions.h(1941,1): warning C4819: 현재 코드 페이지(949)에서 표시할 수 없는 문자가 파일에 들어 있습니다. 데이터가 손실되지 않게 하려면 해당 파일을 유니코드 형식으로 저장하십시오.
  (소스 파일 'src/analysis/CsvExporter.cpp'을(를) 컴파일하는 중)
  
C:\local\project\UAMOptimization\FrameworkCpp\vcpkg_installed\x64-windows\include\eigen3\Eigen\src\Core\SkewSymmetricMatrix3.h(1,1): warning C4819: 현재 코드 페이지(949)에서 표시할 수 없는 문자가 파일에 들어 있습니다. 데이터가 손실되지 않게 하려면 해당 파일을 유니코드 형식으로 저장하십시오.
  (소스 파일 'src/analysis/CsvExporter.cpp'을(를) 컴파일하는 중)
  
C:\local\project\UAMOptimization\FrameworkCpp\vcpkg_installed\x64-windows\include\eigen3\Eigen\src\Core\products\GeneralBlockPanelKernel.h(2480,1): warning C4819: 현재 코드 페이지(949)에서 표시할 수 없는 문자가 파일에 들어 있습니다. 데이터가 손실되지 않게 하려면 해당 파일을 유니코드 형식으로 저장하십시오.
  (소스 파일 'src/analysis/CsvExporter.cpp'을(를) 컴파일하는 중)
  
  ParetoAnalyzer.cpp
C:\local\project\UAMOptimization\FrameworkCpp\vcpkg_installed\x64-windows\include\eigen3\Eigen\src\Core\MathFunctions.h(811,1): warning C4819: 현재 코드 페이지(949)에서 표시할 수 없는 문자가 파일에 들어 있습니다. 데이터가 손실되지 않게 하려면 해당 파일을 유니코드 형식으로 저장하십시오.
  (소스 파일 'src/analysis/ParetoAnalyzer.cpp'을(를) 컴파일하는 중)
  
C:\local\project\UAMOptimization\FrameworkCpp\vcpkg_installed\x64-windows\include\eigen3\Eigen\src\Core\arch\Default\Half.h(1,1): warning C4819: 현재 코드 페이지(949)에서 표시할 수 없는 문자가 파일에 들어 있습니다. 데이터가 손실되지 않게 하려면 해당 파일을 유니코드 형식으로 저장하십시오.
  (소스 파일 'src/analysis/ParetoAnalyzer.cpp'을(를) 컴파일하는 중)
  
C:\local\project\UAMOptimization\FrameworkCpp\vcpkg_installed\x64-windows\include\eigen3\Eigen\src\Core\arch\Default\BFloat16.h(1,1): warning C4819: 현재 코드 페이지(949)에서 표시할 수 없는 문자가 파일에 들어 있습니다. 데이터가 손실되지 않게 하려면 해당 파일을 유니코드 형식으로 저장하십시오.
  (소스 파일 'src/analysis/ParetoAnalyzer.cpp'을(를) 컴파일하는 중)
  
C:\local\project\UAMOptimization\FrameworkCpp\vcpkg_installed\x64-windows\include\eigen3\Eigen\src\Core\arch\Default\GenericPacketMathFunctions.h(1335,1): warning C4819: 현재 코드 페이지(949)에서 표시할 수 없는 문자가 파일에 들어 있습니다. 데이터가 손실되지 않게 하려면 해당 파일을 유니코드 형식으로 저장하십시오.
  (소스 파일 'src/analysis/ParetoAnalyzer.cpp'을(를) 컴파일하는 중)
  
C:\local\project\UAMOptimization\FrameworkCpp\vcpkg_installed\x64-windows\include\eigen3\Eigen\src\Core\arch\Default\GenericPacketMathFunctions.h(1941,1): warning C4819: 현재 코드 페이지(949)에서 표시할 수 없는 문자가 파일에 들어 있습니다. 데이터가 손실되지 않게 하려면 해당 파일을 유니코드 형식으로 저장하십시오.
  (소스 파일 'src/analysis/ParetoAnalyzer.cpp'을(를) 컴파일하는 중)
  
C:\local\project\UAMOptimization\FrameworkCpp\vcpkg_installed\x64-windows\include\eigen3\Eigen\src\Core\SkewSymmetricMatrix3.h(1,1): warning C4819: 현재 코드 페이지(949)에서 표시할 수 없는 문자가 파일에 들어 있습니다. 데이터가 손실되지 않게 하려면 해당 파일을 유니코드 형식으로 저장하십시오.
  (소스 파일 'src/analysis/ParetoAnalyzer.cpp'을(를) 컴파일하는 중)
  
C:\local\project\UAMOptimization\FrameworkCpp\vcpkg_installed\x64-windows\include\eigen3\Eigen\src\Core\products\GeneralBlockPanelKernel.h(2480,1): warning C4819: 현재 코드 페이지(949)에서 표시할 수 없는 문자가 파일에 들어 있습니다. 데이터가 손실되지 않게 하려면 해당 파일을 유니코드 형식으로 저장하십시오.
  (소스 파일 'src/analysis/ParetoAnalyzer.cpp'을(를) 컴파일하는 중)
  
  Constraint.cpp
  ConstraintRegistry.cpp
  DesignParameter.cpp
  AssemblyState.cpp
C:\local\project\UAMOptimization\FrameworkCpp\vcpkg_installed\x64-windows\include\eigen3\Eigen\src\Core\MathFunctions.h(811,1): warning C4819: 현재 코드 페이지(949)에서 표시할 수 없는 문자가 파일에 들어 있습니다. 데이터가 손실되지 않게 하려면 해당 파일을 유니코드 형식으로 저장하십시오.
  (소스 파일 'src/core/AssemblyState.cpp'을(를) 컴파일하는 중)
  
C:\local\project\UAMOptimization\FrameworkCpp\vcpkg_installed\x64-windows\include\eigen3\Eigen\src\Core\arch\Default\Half.h(1,1): warning C4819: 현재 코드 페이지(949)에서 표시할 수 없는 문자가 파일에 들어 있습니다. 데이터가 손실되지 않게 하려면 해당 파일을 유니코드 형식으로 저장하십시오.
  (소스 파일 'src/core/AssemblyState.cpp'을(를) 컴파일하는 중)
  
C:\local\project\UAMOptimization\FrameworkCpp\vcpkg_installed\x64-windows\include\eigen3\Eigen\src\Core\arch\Default\BFloat16.h(1,1): warning C4819: 현재 코드 페이지(949)에서 표시할 수 없는 문자가 파일에 들어 있습니다. 데이터가 손실되지 않게 하려면 해당 파일을 유니코드 형식으로 저장하십시오.
  (소스 파일 'src/core/AssemblyState.cpp'을(를) 컴파일하는 중)
  
C:\local\project\UAMOptimization\FrameworkCpp\vcpkg_installed\x64-windows\include\eigen3\Eigen\src\Core\arch\Default\GenericPacketMathFunctions.h(1335,1): warning C4819: 현재 코드 페이지(949)에서 표시할 수 없는 문자가 파일에 들어 있습니다. 데이터가 손실되지 않게 하려면 해당 파일을 유니코드 형식으로 저장하십시오.
  (소스 파일 'src/core/AssemblyState.cpp'을(를) 컴파일하는 중)
  
C:\local\project\UAMOptimization\FrameworkCpp\vcpkg_installed\x64-windows\include\eigen3\Eigen\src\Core\arch\Default\GenericPacketMathFunctions.h(1941,1): warning C4819: 현재 코드 페이지(949)에서 표시할 수 없는 문자가 파일에 들어 있습니다. 데이터가 손실되지 않게 하려면 해당 파일을 유니코드 형식으로 저장하십시오.
  (소스 파일 'src/core/AssemblyState.cpp'을(를) 컴파일하는 중)
  
C:\local\project\UAMOptimization\FrameworkCpp\vcpkg_installed\x64-windows\include\eigen3\Eigen\src\Core\SkewSymmetricMatrix3.h(1,1): warning C4819: 현재 코드 페이지(949)에서 표시할 수 없는 문자가 파일에 들어 있습니다. 데이터가 손실되지 않게 하려면 해당 파일을 유니코드 형식으로 저장하십시오.
  (소스 파일 'src/core/AssemblyState.cpp'을(를) 컴파일하는 중)
  
C:\local\project\UAMOptimization\FrameworkCpp\vcpkg_installed\x64-windows\include\eigen3\Eigen\src\Core\products\GeneralBlockPanelKernel.h(2480,1): warning C4819: 현재 코드 페이지(949)에서 표시할 수 없는 문자가 파일에 들어 있습니다. 데이터가 손실되지 않게 하려면 해당 파일을 유니코드 형식으로 저장하십시오.
  (소스 파일 'src/core/AssemblyState.cpp'을(를) 컴파일하는 중)
  
  DefaultHexacopterBuilder.cpp
C:\local\project\UAMOptimization\FrameworkCpp\vcpkg_installed\x64-windows\include\eigen3\Eigen\src\Core\MathFunctions.h(811,1): warning C4819: 현재 코드 페이지(949)에서 표시할 수 없는 문자가 파일에 들어 있습니다. 데이터가 손실되지 않게 하려면 해당 파일을 유니코드 형식으로 저장하십시오.
  (소스 파일 'src/core/DefaultHexacopterBuilder.cpp'을(를) 컴파일하는 중)
  
C:\local\project\UAMOptimization\FrameworkCpp\vcpkg_installed\x64-windows\include\eigen3\Eigen\src\Core\arch\Default\Half.h(1,1): warning C4819: 현재 코드 페이지(949)에서 표시할 수 없는 문자가 파일에 들어 있습니다. 데이터가 손실되지 않게 하려면 해당 파일을 유니코드 형식으로 저장하십시오.
  (소스 파일 'src/core/DefaultHexacopterBuilder.cpp'을(를) 컴파일하는 중)
  
C:\local\project\UAMOptimization\FrameworkCpp\vcpkg_installed\x64-windows\include\eigen3\Eigen\src\Core\arch\Default\BFloat16.h(1,1): warning C4819: 현재 코드 페이지(949)에서 표시할 수 없는 문자가 파일에 들어 있습니다. 데이터가 손실되지 않게 하려면 해당 파일을 유니코드 형식으로 저장하십시오.
  (소스 파일 'src/core/DefaultHexacopterBuilder.cpp'을(를) 컴파일하는 중)
  
C:\local\project\UAMOptimization\FrameworkCpp\vcpkg_installed\x64-windows\include\eigen3\Eigen\src\Core\arch\Default\GenericPacketMathFunctions.h(1335,1): warning C4819: 현재 코드 페이지(949)에서 표시할 수 없는 문자가 파일에 들어 있습니다. 데이터가 손실되지 않게 하려면 해당 파일을 유니코드 형식으로 저장하십시오.
  (소스 파일 'src/core/DefaultHexacopterBuilder.cpp'을(를) 컴파일하는 중)
  
C:\local\project\UAMOptimization\FrameworkCpp\vcpkg_installed\x64-windows\include\eigen3\Eigen\src\Core\arch\Default\GenericPacketMathFunctions.h(1941,1): warning C4819: 현재 코드 페이지(949)에서 표시할 수 없는 문자가 파일에 들어 있습니다. 데이터가 손실되지 않게 하려면 해당 파일을 유니코드 형식으로 저장하십시오.
  (소스 파일 'src/core/DefaultHexacopterBuilder.cpp'을(를) 컴파일하는 중)
  
C:\local\project\UAMOptimization\FrameworkCpp\vcpkg_installed\x64-windows\include\eigen3\Eigen\src\Core\SkewSymmetricMatrix3.h(1,1): warning C4819: 현재 코드 페이지(949)에서 표시할 수 없는 문자가 파일에 들어 있습니다. 데이터가 손실되지 않게 하려면 해당 파일을 유니코드 형식으로 저장하십시오.
  (소스 파일 'src/core/DefaultHexacopterBuilder.cpp'을(를) 컴파일하는 중)
  
C:\local\project\UAMOptimization\FrameworkCpp\vcpkg_installed\x64-windows\include\eigen3\Eigen\src\Core\products\GeneralBlockPanelKernel.h(2480,1): warning C4819: 현재 코드 페이지(949)에서 표시할 수 없는 문자가 파일에 들어 있습니다. 데이터가 손실되지 않게 하려면 해당 파일을 유니코드 형식으로 저장하십시오.
  (소스 파일 'src/core/DefaultHexacopterBuilder.cpp'을(를) 컴파일하는 중)
  
  Elements.cpp
C:\local\project\UAMOptimization\FrameworkCpp\vcpkg_installed\x64-windows\include\eigen3\Eigen\src\Core\MathFunctions.h(811,1): warning C4819: 현재 코드 페이지(949)에서 표시할 수 없는 문자가 파일에 들어 있습니다. 데이터가 손실되지 않게 하려면 해당 파일을 유니코드 형식으로 저장하십시오.
  (소스 파일 'src/core/Elements.cpp'을(를) 컴파일하는 중)
  
C:\local\project\UAMOptimization\FrameworkCpp\vcpkg_installed\x64-windows\include\eigen3\Eigen\src\Core\arch\Default\Half.h(1,1): warning C4819: 현재 코드 페이지(949)에서 표시할 수 없는 문자가 파일에 들어 있습니다. 데이터가 손실되지 않게 하려면 해당 파일을 유니코드 형식으로 저장하십시오.
  (소스 파일 'src/core/Elements.cpp'을(를) 컴파일하는 중)
  
C:\local\project\UAMOptimization\FrameworkCpp\vcpkg_installed\x64-windows\include\eigen3\Eigen\src\Core\arch\Default\BFloat16.h(1,1): warning C4819: 현재 코드 페이지(949)에서 표시할 수 없는 문자가 파일에 들어 있습니다. 데이터가 손실되지 않게 하려면 해당 파일을 유니코드 형식으로 저장하십시오.
  (소스 파일 'src/core/Elements.cpp'을(를) 컴파일하는 중)
  
C:\local\project\UAMOptimization\FrameworkCpp\vcpkg_installed\x64-windows\include\eigen3\Eigen\src\Core\arch\Default\GenericPacketMathFunctions.h(1335,1): warning C4819: 현재 코드 페이지(949)에서 표시할 수 없는 문자가 파일에 들어 있습니다. 데이터가 손실되지 않게 하려면 해당 파일을 유니코드 형식으로 저장하십시오.
  (소스 파일 'src/core/Elements.cpp'을(를) 컴파일하는 중)
  
C:\local\project\UAMOptimization\FrameworkCpp\vcpkg_installed\x64-windows\include\eigen3\Eigen\src\Core\arch\Default\GenericPacketMathFunctions.h(1941,1): warning C4819: 현재 코드 페이지(949)에서 표시할 수 없는 문자가 파일에 들어 있습니다. 데이터가 손실되지 않게 하려면 해당 파일을 유니코드 형식으로 저장하십시오.
  (소스 파일 'src/core/Elements.cpp'을(를) 컴파일하는 중)
  
C:\local\project\UAMOptimization\FrameworkCpp\vcpkg_installed\x64-windows\include\eigen3\Eigen\src\Core\SkewSymmetricMatrix3.h(1,1): warning C4819: 현재 코드 페이지(949)에서 표시할 수 없는 문자가 파일에 들어 있습니다. 데이터가 손실되지 않게 하려면 해당 파일을 유니코드 형식으로 저장하십시오.
  (소스 파일 'src/core/Elements.cpp'을(를) 컴파일하는 중)
  
C:\local\project\UAMOptimization\FrameworkCpp\vcpkg_installed\x64-windows\include\eigen3\Eigen\src\Core\products\GeneralBlockPanelKernel.h(2480,1): warning C4819: 현재 코드 페이지(949)에서 표시할 수 없는 문자가 파일에 들어 있습니다. 데이터가 손실되지 않게 하려면 해당 파일을 유니코드 형식으로 저장하십시오.
  (소스 파일 'src/core/Elements.cpp'을(를) 컴파일하는 중)
  
  HexacopterArchitecture.cpp
C:\local\project\UAMOptimization\FrameworkCpp\vcpkg_installed\x64-windows\include\eigen3\Eigen\src\Core\MathFunctions.h(811,1): warning C4819: 현재 코드 페이지(949)에서 표시할 수 없는 문자가 파일에 들어 있습니다. 데이터가 손실되지 않게 하려면 해당 파일을 유니코드 형식으로 저장하십시오.
  (소스 파일 'src/core/HexacopterArchitecture.cpp'을(를) 컴파일하는 중)
  
C:\local\project\UAMOptimization\FrameworkCpp\vcpkg_installed\x64-windows\include\eigen3\Eigen\src\Core\arch\Default\Half.h(1,1): warning C4819: 현재 코드 페이지(949)에서 표시할 수 없는 문자가 파일에 들어 있습니다. 데이터가 손실되지 않게 하려면 해당 파일을 유니코드 형식으로 저장하십시오.
  (소스 파일 'src/core/HexacopterArchitecture.cpp'을(를) 컴파일하는 중)
  
C:\local\project\UAMOptimization\FrameworkCpp\vcpkg_installed\x64-windows\include\eigen3\Eigen\src\Core\arch\Default\BFloat16.h(1,1): warning C4819: 현재 코드 페이지(949)에서 표시할 수 없는 문자가 파일에 들어 있습니다. 데이터가 손실되지 않게 하려면 해당 파일을 유니코드 형식으로 저장하십시오.
  (소스 파일 'src/core/HexacopterArchitecture.cpp'을(를) 컴파일하는 중)
  
C:\local\project\UAMOptimization\FrameworkCpp\vcpkg_installed\x64-windows\include\eigen3\Eigen\src\Core\arch\Default\GenericPacketMathFunctions.h(1335,1): warning C4819: 현재 코드 페이지(949)에서 표시할 수 없는 문자가 파일에 들어 있습니다. 데이터가 손실되지 않게 하려면 해당 파일을 유니코드 형식으로 저장하십시오.
  (소스 파일 'src/core/HexacopterArchitecture.cpp'을(를) 컴파일하는 중)
  
C:\local\project\UAMOptimization\FrameworkCpp\vcpkg_installed\x64-windows\include\eigen3\Eigen\src\Core\arch\Default\GenericPacketMathFunctions.h(1941,1): warning C4819: 현재 코드 페이지(949)에서 표시할 수 없는 문자가 파일에 들어 있습니다. 데이터가 손실되지 않게 하려면 해당 파일을 유니코드 형식으로 저장하십시오.
  (소스 파일 'src/core/HexacopterArchitecture.cpp'을(를) 컴파일하는 중)
  
C:\local\project\UAMOptimization\FrameworkCpp\vcpkg_installed\x64-windows\include\eigen3\Eigen\src\Core\SkewSymmetricMatrix3.h(1,1): warning C4819: 현재 코드 페이지(949)에서 표시할 수 없는 문자가 파일에 들어 있습니다. 데이터가 손실되지 않게 하려면 해당 파일을 유니코드 형식으로 저장하십시오.
  (소스 파일 'src/core/HexacopterArchitecture.cpp'을(를) 컴파일하는 중)
  
C:\local\project\UAMOptimization\FrameworkCpp\vcpkg_installed\x64-windows\include\eigen3\Eigen\src\Core\products\GeneralBlockPanelKernel.h(2480,1): warning C4819: 현재 코드 페이지(949)에서 표시할 수 없는 문자가 파일에 들어 있습니다. 데이터가 손실되지 않게 하려면 해당 파일을 유니코드 형식으로 저장하십시오.
  (소스 파일 'src/core/HexacopterArchitecture.cpp'을(를) 컴파일하는 중)
  
  ParameterRegistry.cpp
  ArchitectureEvaluator.cpp
C:\local\project\UAMOptimization\FrameworkCpp\vcpkg_installed\x64-windows\include\eigen3\Eigen\src\Core\MathFunctions.h(811,1): warning C4819: 현재 코드 페이지(949)에서 표시할 수 없는 문자가 파일에 들어 있습니다. 데이터가 손실되지 않게 하려면 해당 파일을 유니코드 형식으로 저장하십시오.
  (소스 파일 'src/evaluation/ArchitectureEvaluator.cpp'을(를) 컴파일하는 중)
  
C:\local\project\UAMOptimization\FrameworkCpp\vcpkg_installed\x64-windows\include\eigen3\Eigen\src\Core\arch\Default\Half.h(1,1): warning C4819: 현재 코드 페이지(949)에서 표시할 수 없는 문자가 파일에 들어 있습니다. 데이터가 손실되지 않게 하려면 해당 파일을 유니코드 형식으로 저장하십시오.
  (소스 파일 'src/evaluation/ArchitectureEvaluator.cpp'을(를) 컴파일하는 중)
  
C:\local\project\UAMOptimization\FrameworkCpp\vcpkg_installed\x64-windows\include\eigen3\Eigen\src\Core\arch\Default\BFloat16.h(1,1): warning C4819: 현재 코드 페이지(949)에서 표시할 수 없는 문자가 파일에 들어 있습니다. 데이터가 손실되지 않게 하려면 해당 파일을 유니코드 형식으로 저장하십시오.
  (소스 파일 'src/evaluation/ArchitectureEvaluator.cpp'을(를) 컴파일하는 중)
  
C:\local\project\UAMOptimization\FrameworkCpp\vcpkg_installed\x64-windows\include\eigen3\Eigen\src\Core\arch\Default\GenericPacketMathFunctions.h(1335,1): warning C4819: 현재 코드 페이지(949)에서 표시할 수 없는 문자가 파일에 들어 있습니다. 데이터가 손실되지 않게 하려면 해당 파일을 유니코드 형식으로 저장하십시오.
  (소스 파일 'src/evaluation/ArchitectureEvaluator.cpp'을(를) 컴파일하는 중)
  
C:\local\project\UAMOptimization\FrameworkCpp\vcpkg_installed\x64-windows\include\eigen3\Eigen\src\Core\arch\Default\GenericPacketMathFunctions.h(1941,1): warning C4819: 현재 코드 페이지(949)에서 표시할 수 없는 문자가 파일에 들어 있습니다. 데이터가 손실되지 않게 하려면 해당 파일을 유니코드 형식으로 저장하십시오.
  (소스 파일 'src/evaluation/ArchitectureEvaluator.cpp'을(를) 컴파일하는 중)
  
C:\local\project\UAMOptimization\FrameworkCpp\vcpkg_installed\x64-windows\include\eigen3\Eigen\src\Core\SkewSymmetricMatrix3.h(1,1): warning C4819: 현재 코드 페이지(949)에서 표시할 수 없는 문자가 파일에 들어 있습니다. 데이터가 손실되지 않게 하려면 해당 파일을 유니코드 형식으로 저장하십시오.
  (소스 파일 'src/evaluation/ArchitectureEvaluator.cpp'을(를) 컴파일하는 중)
  
C:\local\project\UAMOptimization\FrameworkCpp\vcpkg_installed\x64-windows\include\eigen3\Eigen\src\Core\products\GeneralBlockPanelKernel.h(2480,1): warning C4819: 현재 코드 페이지(949)에서 표시할 수 없는 문자가 파일에 들어 있습니다. 데이터가 손실되지 않게 하려면 해당 파일을 유니코드 형식으로 저장하십시오.
  (소스 파일 'src/evaluation/ArchitectureEvaluator.cpp'을(를) 컴파일하는 중)
  
  EvaluationContext.cpp
  ObjectiveAggregator.cpp
C:\local\project\UAMOptimization\FrameworkCpp\vcpkg_installed\x64-windows\include\eigen3\Eigen\src\Core\MathFunctions.h(811,1): warning C4819: 현재 코드 페이지(949)에서 표시할 수 없는 문자가 파일에 들어 있습니다. 데이터가 손실되지 않게 하려면 해당 파일을 유니코드 형식으로 저장하십시오.
  (소스 파일 'src/evaluation/ObjectiveAggregator.cpp'을(를) 컴파일하는 중)
  
C:\local\project\UAMOptimization\FrameworkCpp\vcpkg_installed\x64-windows\include\eigen3\Eigen\src\Core\arch\Default\Half.h(1,1): warning C4819: 현재 코드 페이지(949)에서 표시할 수 없는 문자가 파일에 들어 있습니다. 데이터가 손실되지 않게 하려면 해당 파일을 유니코드 형식으로 저장하십시오.
  (소스 파일 'src/evaluation/ObjectiveAggregator.cpp'을(를) 컴파일하는 중)
  
C:\local\project\UAMOptimization\FrameworkCpp\vcpkg_installed\x64-windows\include\eigen3\Eigen\src\Core\arch\Default\BFloat16.h(1,1): warning C4819: 현재 코드 페이지(949)에서 표시할 수 없는 문자가 파일에 들어 있습니다. 데이터가 손실되지 않게 하려면 해당 파일을 유니코드 형식으로 저장하십시오.
  (소스 파일 'src/evaluation/ObjectiveAggregator.cpp'을(를) 컴파일하는 중)
  
C:\local\project\UAMOptimization\FrameworkCpp\vcpkg_installed\x64-windows\include\eigen3\Eigen\src\Core\arch\Default\GenericPacketMathFunctions.h(1335,1): warning C4819: 현재 코드 페이지(949)에서 표시할 수 없는 문자가 파일에 들어 있습니다. 데이터가 손실되지 않게 하려면 해당 파일을 유니코드 형식으로 저장하십시오.
  (소스 파일 'src/evaluation/ObjectiveAggregator.cpp'을(를) 컴파일하는 중)
  
C:\local\project\UAMOptimization\FrameworkCpp\vcpkg_installed\x64-windows\include\eigen3\Eigen\src\Core\arch\Default\GenericPacketMathFunctions.h(1941,1): warning C4819: 현재 코드 페이지(949)에서 표시할 수 없는 문자가 파일에 들어 있습니다. 데이터가 손실되지 않게 하려면 해당 파일을 유니코드 형식으로 저장하십시오.
  (소스 파일 'src/evaluation/ObjectiveAggregator.cpp'을(를) 컴파일하는 중)
  
C:\local\project\UAMOptimization\FrameworkCpp\vcpkg_installed\x64-windows\include\eigen3\Eigen\src\Core\SkewSymmetricMatrix3.h(1,1): warning C4819: 현재 코드 페이지(949)에서 표시할 수 없는 문자가 파일에 들어 있습니다. 데이터가 손실되지 않게 하려면 해당 파일을 유니코드 형식으로 저장하십시오.
  (소스 파일 'src/evaluation/ObjectiveAggregator.cpp'을(를) 컴파일하는 중)
  
C:\local\project\UAMOptimization\FrameworkCpp\vcpkg_installed\x64-windows\include\eigen3\Eigen\src\Core\products\GeneralBlockPanelKernel.h(2480,1): warning C4819: 현재 코드 페이지(949)에서 표시할 수 없는 문자가 파일에 들어 있습니다. 데이터가 손실되지 않게 하려면 해당 파일을 유니코드 형식으로 저장하십시오.
  (소스 파일 'src/evaluation/ObjectiveAggregator.cpp'을(를) 컴파일하는 중)
  
  Stage1Evaluator.cpp
C:\local\project\UAMOptimization\FrameworkCpp\vcpkg_installed\x64-windows\include\eigen3\Eigen\src\Core\MathFunctions.h(811,1): warning C4819: 현재 코드 페이지(949)에서 표시할 수 없는 문자가 파일에 들어 있습니다. 데이터가 손실되지 않게 하려면 해당 파일을 유니코드 형식으로 저장하십시오.
  (소스 파일 'src/evaluation/Stage1Evaluator.cpp'을(를) 컴파일하는 중)
  
C:\local\project\UAMOptimization\FrameworkCpp\vcpkg_installed\x64-windows\include\eigen3\Eigen\src\Core\arch\Default\Half.h(1,1): warning C4819: 현재 코드 페이지(949)에서 표시할 수 없는 문자가 파일에 들어 있습니다. 데이터가 손실되지 않게 하려면 해당 파일을 유니코드 형식으로 저장하십시오.
  (소스 파일 'src/evaluation/Stage1Evaluator.cpp'을(를) 컴파일하는 중)
  
C:\local\project\UAMOptimization\FrameworkCpp\vcpkg_installed\x64-windows\include\eigen3\Eigen\src\Core\arch\Default\BFloat16.h(1,1): warning C4819: 현재 코드 페이지(949)에서 표시할 수 없는 문자가 파일에 들어 있습니다. 데이터가 손실되지 않게 하려면 해당 파일을 유니코드 형식으로 저장하십시오.
  (소스 파일 'src/evaluation/Stage1Evaluator.cpp'을(를) 컴파일하는 중)
  
C:\local\project\UAMOptimization\FrameworkCpp\vcpkg_installed\x64-windows\include\eigen3\Eigen\src\Core\arch\Default\GenericPacketMathFunctions.h(1335,1): warning C4819: 현재 코드 페이지(949)에서 표시할 수 없는 문자가 파일에 들어 있습니다. 데이터가 손실되지 않게 하려면 해당 파일을 유니코드 형식으로 저장하십시오.
  (소스 파일 'src/evaluation/Stage1Evaluator.cpp'을(를) 컴파일하는 중)
  
C:\local\project\UAMOptimization\FrameworkCpp\vcpkg_installed\x64-windows\include\eigen3\Eigen\src\Core\arch\Default\GenericPacketMathFunctions.h(1941,1): warning C4819: 현재 코드 페이지(949)에서 표시할 수 없는 문자가 파일에 들어 있습니다. 데이터가 손실되지 않게 하려면 해당 파일을 유니코드 형식으로 저장하십시오.
  (소스 파일 'src/evaluation/Stage1Evaluator.cpp'을(를) 컴파일하는 중)
  
C:\local\project\UAMOptimization\FrameworkCpp\vcpkg_installed\x64-windows\include\eigen3\Eigen\src\Core\SkewSymmetricMatrix3.h(1,1): warning C4819: 현재 코드 페이지(949)에서 표시할 수 없는 문자가 파일에 들어 있습니다. 데이터가 손실되지 않게 하려면 해당 파일을 유니코드 형식으로 저장하십시오.
  (소스 파일 'src/evaluation/Stage1Evaluator.cpp'을(를) 컴파일하는 중)
  
C:\local\project\UAMOptimization\FrameworkCpp\vcpkg_installed\x64-windows\include\eigen3\Eigen\src\Core\products\GeneralBlockPanelKernel.h(2480,1): warning C4819: 현재 코드 페이지(949)에서 표시할 수 없는 문자가 파일에 들어 있습니다. 데이터가 손실되지 않게 하려면 해당 파일을 유니코드 형식으로 저장하십시오.
  (소스 파일 'src/evaluation/Stage1Evaluator.cpp'을(를) 컴파일하는 중)
  
  DesignVectorMapper.cpp
C:\local\project\UAMOptimization\FrameworkCpp\vcpkg_installed\x64-windows\include\eigen3\Eigen\src\Core\MathFunctions.h(811,1): warning C4819: 현재 코드 페이지(949)에서 표시할 수 없는 문자가 파일에 들어 있습니다. 데이터가 손실되지 않게 하려면 해당 파일을 유니코드 형식으로 저장하십시오.
  (소스 파일 'src/optimization/DesignVectorMapper.cpp'을(를) 컴파일하는 중)
  
C:\local\project\UAMOptimization\FrameworkCpp\vcpkg_installed\x64-windows\include\eigen3\Eigen\src\Core\arch\Default\Half.h(1,1): warning C4819: 현재 코드 페이지(949)에서 표시할 수 없는 문자가 파일에 들어 있습니다. 데이터가 손실되지 않게 하려면 해당 파일을 유니코드 형식으로 저장하십시오.
  (소스 파일 'src/optimization/DesignVectorMapper.cpp'을(를) 컴파일하는 중)
  
C:\local\project\UAMOptimization\FrameworkCpp\vcpkg_installed\x64-windows\include\eigen3\Eigen\src\Core\arch\Default\BFloat16.h(1,1): warning C4819: 현재 코드 페이지(949)에서 표시할 수 없는 문자가 파일에 들어 있습니다. 데이터가 손실되지 않게 하려면 해당 파일을 유니코드 형식으로 저장하십시오.
  (소스 파일 'src/optimization/DesignVectorMapper.cpp'을(를) 컴파일하는 중)
  
C:\local\project\UAMOptimization\FrameworkCpp\vcpkg_installed\x64-windows\include\eigen3\Eigen\src\Core\arch\Default\GenericPacketMathFunctions.h(1335,1): warning C4819: 현재 코드 페이지(949)에서 표시할 수 없는 문자가 파일에 들어 있습니다. 데이터가 손실되지 않게 하려면 해당 파일을 유니코드 형식으로 저장하십시오.
  (소스 파일 'src/optimization/DesignVectorMapper.cpp'을(를) 컴파일하는 중)
  
C:\local\project\UAMOptimization\FrameworkCpp\vcpkg_installed\x64-windows\include\eigen3\Eigen\src\Core\arch\Default\GenericPacketMathFunctions.h(1941,1): warning C4819: 현재 코드 페이지(949)에서 표시할 수 없는 문자가 파일에 들어 있습니다. 데이터가 손실되지 않게 하려면 해당 파일을 유니코드 형식으로 저장하십시오.
  (소스 파일 'src/optimization/DesignVectorMapper.cpp'을(를) 컴파일하는 중)
  
C:\local\project\UAMOptimization\FrameworkCpp\vcpkg_installed\x64-windows\include\eigen3\Eigen\src\Core\SkewSymmetricMatrix3.h(1,1): warning C4819: 현재 코드 페이지(949)에서 표시할 수 없는 문자가 파일에 들어 있습니다. 데이터가 손실되지 않게 하려면 해당 파일을 유니코드 형식으로 저장하십시오.
  (소스 파일 'src/optimization/DesignVectorMapper.cpp'을(를) 컴파일하는 중)
  
C:\local\project\UAMOptimization\FrameworkCpp\vcpkg_installed\x64-windows\include\eigen3\Eigen\src\Core\products\GeneralBlockPanelKernel.h(2480,1): warning C4819: 현재 코드 페이지(949)에서 표시할 수 없는 문자가 파일에 들어 있습니다. 데이터가 손실되지 않게 하려면 해당 파일을 유니코드 형식으로 저장하십시오.
  (소스 파일 'src/optimization/DesignVectorMapper.cpp'을(를) 컴파일하는 중)
  
  MooRunner.cpp
C:\local\project\UAMOptimization\FrameworkCpp\vcpkg_installed\x64-windows\include\eigen3\Eigen\src\Core\MathFunctions.h(811,1): warning C4819: 현재 코드 페이지(949)에서 표시할 수 없는 문자가 파일에 들어 있습니다. 데이터가 손실되지 않게 하려면 해당 파일을 유니코드 형식으로 저장하십시오.
  (소스 파일 'src/optimization/MooRunner.cpp'을(를) 컴파일하는 중)
  
C:\local\project\UAMOptimization\FrameworkCpp\vcpkg_installed\x64-windows\include\eigen3\Eigen\src\Core\arch\Default\Half.h(1,1): warning C4819: 현재 코드 페이지(949)에서 표시할 수 없는 문자가 파일에 들어 있습니다. 데이터가 손실되지 않게 하려면 해당 파일을 유니코드 형식으로 저장하십시오.
  (소스 파일 'src/optimization/MooRunner.cpp'을(를) 컴파일하는 중)
  
C:\local\project\UAMOptimization\FrameworkCpp\vcpkg_installed\x64-windows\include\eigen3\Eigen\src\Core\arch\Default\BFloat16.h(1,1): warning C4819: 현재 코드 페이지(949)에서 표시할 수 없는 문자가 파일에 들어 있습니다. 데이터가 손실되지 않게 하려면 해당 파일을 유니코드 형식으로 저장하십시오.
  (소스 파일 'src/optimization/MooRunner.cpp'을(를) 컴파일하는 중)
  
C:\local\project\UAMOptimization\FrameworkCpp\vcpkg_installed\x64-windows\include\eigen3\Eigen\src\Core\arch\Default\GenericPacketMathFunctions.h(1335,1): warning C4819: 현재 코드 페이지(949)에서 표시할 수 없는 문자가 파일에 들어 있습니다. 데이터가 손실되지 않게 하려면 해당 파일을 유니코드 형식으로 저장하십시오.
  (소스 파일 'src/optimization/MooRunner.cpp'을(를) 컴파일하는 중)
  
C:\local\project\UAMOptimization\FrameworkCpp\vcpkg_installed\x64-windows\include\eigen3\Eigen\src\Core\arch\Default\GenericPacketMathFunctions.h(1941,1): warning C4819: 현재 코드 페이지(949)에서 표시할 수 없는 문자가 파일에 들어 있습니다. 데이터가 손실되지 않게 하려면 해당 파일을 유니코드 형식으로 저장하십시오.
  (소스 파일 'src/optimization/MooRunner.cpp'을(를) 컴파일하는 중)
  
C:\local\project\UAMOptimization\FrameworkCpp\vcpkg_installed\x64-windows\include\eigen3\Eigen\src\Core\SkewSymmetricMatrix3.h(1,1): warning C4819: 현재 코드 페이지(949)에서 표시할 수 없는 문자가 파일에 들어 있습니다. 데이터가 손실되지 않게 하려면 해당 파일을 유니코드 형식으로 저장하십시오.
  (소스 파일 'src/optimization/MooRunner.cpp'을(를) 컴파일하는 중)
  
C:\local\project\UAMOptimization\FrameworkCpp\vcpkg_installed\x64-windows\include\eigen3\Eigen\src\Core\products\GeneralBlockPanelKernel.h(2480,1): warning C4819: 현재 코드 페이지(949)에서 표시할 수 없는 문자가 파일에 들어 있습니다. 데이터가 손실되지 않게 하려면 해당 파일을 유니코드 형식으로 저장하십시오.
  (소스 파일 'src/optimization/MooRunner.cpp'을(를) 컴파일하는 중)
  
C:\local\project\UAMOptimization\FrameworkCpp\vcpkg_installed\x64-windows\include\pagmo\problem.hpp(1652,46): warning C4251: 'pagmo::problem::m_ptr': 'std::unique_ptr<pagmo::detail::prob_inner_base,std::default_delete<pagmo::detail::prob_inner_base>>'에서는 'pagmo::problem'의 클라이언트에서 DLL 인터페이스를 사용하도록 지정해야 함
  (소스 파일 'src/optimization/MooRunner.cpp'을(를) 컴파일하는 중)
      C:\Program Files\Microsoft Visual Studio\18\Community\VC\Tools\MSVC\14.44.35207\include\memory(3347,7):
      'std::unique_ptr<pagmo::detail::prob_inner_base,std::default_delete<pagmo::detail::prob_inner_base>>' 선언을 참조하십시오.
  
C:\local\project\UAMOptimization\FrameworkCpp\vcpkg_installed\x64-windows\include\pagmo\problem.hpp(1654,45): warning C4251: 'pagmo::problem::m_fevals': 'std::atomic<unsigned __int64>'에서는 'pagmo::problem'의 클라이언트에서 DLL 인터페이스를 사용하도록 지정해야 함
  (소스 파일 'src/optimization/MooRunner.cpp'을(를) 컴파일하는 중)
      C:\Program Files\Microsoft Visual Studio\18\Community\VC\Tools\MSVC\14.44.35207\include\atomic(2131,8):
      'std::atomic<unsigned __int64>' 선언을 참조하십시오.
  
C:\local\project\UAMOptimization\FrameworkCpp\vcpkg_installed\x64-windows\include\pagmo\problem.hpp(1656,45): warning C4251: 'pagmo::problem::m_gevals': 'std::atomic<unsigned __int64>'에서는 'pagmo::problem'의 클라이언트에서 DLL 인터페이스를 사용하도록 지정해야 함
  (소스 파일 'src/optimization/MooRunner.cpp'을(를) 컴파일하는 중)
      C:\Program Files\Microsoft Visual Studio\18\Community\VC\Tools\MSVC\14.44.35207\include\atomic(2131,8):
      'std::atomic<unsigned __int64>' 선언을 참조하십시오.
  
C:\local\project\UAMOptimization\FrameworkCpp\vcpkg_installed\x64-windows\include\pagmo\problem.hpp(1658,45): warning C4251: 'pagmo::problem::m_hevals': 'std::atomic<unsigned __int64>'에서는 'pagmo::problem'의 클라이언트에서 DLL 인터페이스를 사용하도록 지정해야 함
  (소스 파일 'src/optimization/MooRunner.cpp'을(를) 컴파일하는 중)
      C:\Program Files\Microsoft Visual Studio\18\Community\VC\Tools\MSVC\14.44.35207\include\atomic(2131,8):
      'std::atomic<unsigned __int64>' 선언을 참조하십시오.
  
C:\local\project\UAMOptimization\FrameworkCpp\vcpkg_installed\x64-windows\include\pagmo\problem.hpp(1663,19): warning C4251: 'pagmo::problem::m_lb': 'std::vector<double,std::allocator<double>>'에서는 'pagmo::problem'의 클라이언트에서 DLL 인터페이스를 사용하도록 지정해야 함
  (소스 파일 'src/optimization/MooRunner.cpp'을(를) 컴파일하는 중)
      C:\Program Files\Microsoft Visual Studio\18\Community\VC\Tools\MSVC\14.44.35207\include\vector(442,7):
      'std::vector<double,std::allocator<double>>' 선언을 참조하십시오.
  
C:\local\project\UAMOptimization\FrameworkCpp\vcpkg_installed\x64-windows\include\pagmo\problem.hpp(1664,19): warning C4251: 'pagmo::problem::m_ub': 'std::vector<double,std::allocator<double>>'에서는 'pagmo::problem'의 클라이언트에서 DLL 인터페이스를 사용하도록 지정해야 함
  (소스 파일 'src/optimization/MooRunner.cpp'을(를) 컴파일하는 중)
      C:\Program Files\Microsoft Visual Studio\18\Community\VC\Tools\MSVC\14.44.35207\include\vector(442,7):
      'std::vector<double,std::allocator<double>>' 선언을 참조하십시오.
  
C:\local\project\UAMOptimization\FrameworkCpp\vcpkg_installed\x64-windows\include\pagmo\problem.hpp(1669,19): warning C4251: 'pagmo::problem::m_c_tol': 'std::vector<double,std::allocator<double>>'에서는 'pagmo::problem'의 클라이언트에서 DLL 인터페이스를 사용하도록 지정해야 함
  (소스 파일 'src/optimization/MooRunner.cpp'을(를) 컴파일하는 중)
      C:\Program Files\Microsoft Visual Studio\18\Community\VC\Tools\MSVC\14.44.35207\include\vector(442,7):
      'std::vector<double,std::allocator<double>>' 선언을 참조하십시오.
  
C:\local\project\UAMOptimization\FrameworkCpp\vcpkg_installed\x64-windows\include\pagmo\problem.hpp(1676,17): warning C4251: 'pagmo::problem::m_name': 'std::basic_string<char,std::char_traits<char>,std::allocator<char>>'에서는 'pagmo::problem'의 클라이언트에서 DLL 인터페이스를 사용하도록 지정해야 함
  (소스 파일 'src/optimization/MooRunner.cpp'을(를) 컴파일하는 중)
      C:\Program Files\Microsoft Visual Studio\18\Community\VC\Tools\MSVC\14.44.35207\include\xstring(541,7):
      'std::basic_string<char,std::char_traits<char>,std::allocator<char>>' 선언을 참조하십시오.
  
C:\local\project\UAMOptimization\FrameworkCpp\vcpkg_installed\x64-windows\include\pagmo\problem.hpp(1681,43): warning C4251: 'pagmo::problem::m_hs_dim': 'std::vector<boost::ulong_long_type,std::allocator<boost::ulong_long_type>>'에서는 'pagmo::problem'의 클라이언트에서 DLL 인터페이스를 사용하도록 지정해야 함
  (소스 파일 'src/optimization/MooRunner.cpp'을(를) 컴파일하는 중)
      C:\Program Files\Microsoft Visual Studio\18\Community\VC\Tools\MSVC\14.44.35207\include\vector(442,7):
      'std::vector<boost::ulong_long_type,std::allocator<boost::ulong_long_type>>' 선언을 참조하십시오.
  
C:\local\project\UAMOptimization\FrameworkCpp\vcpkg_installed\x64-windows\include\pagmo\bfe.hpp(381,45): warning C4251: 'pagmo::bfe::m_ptr': 'std::unique_ptr<pagmo::detail::bfe_inner_base,std::default_delete<pagmo::detail::bfe_inner_base>>'에서는 'pagmo::bfe'의 클라이언트에서 DLL 인터페이스를 사용하도록 지정해야 함
  (소스 파일 'src/optimization/MooRunner.cpp'을(를) 컴파일하는 중)
      C:\Program Files\Microsoft Visual Studio\18\Community\VC\Tools\MSVC\14.44.35207\include\memory(3347,7):
      'std::unique_ptr<pagmo::detail::bfe_inner_base,std::default_delete<pagmo::detail::bfe_inner_base>>' 선언을 참조하십시오.
  
C:\local\project\UAMOptimization\FrameworkCpp\vcpkg_installed\x64-windows\include\pagmo\bfe.hpp(386,17): warning C4251: 'pagmo::bfe::m_name': 'std::basic_string<char,std::char_traits<char>,std::allocator<char>>'에서는 'pagmo::bfe'의 클라이언트에서 DLL 인터페이스를 사용하도록 지정해야 함
  (소스 파일 'src/optimization/MooRunner.cpp'을(를) 컴파일하는 중)
      C:\Program Files\Microsoft Visual Studio\18\Community\VC\Tools\MSVC\14.44.35207\include\xstring(541,7):
      'std::basic_string<char,std::char_traits<char>,std::allocator<char>>' 선언을 참조하십시오.
  
C:\local\project\UAMOptimization\FrameworkCpp\vcpkg_installed\x64-windows\include\pagmo\population.hpp(337,37): warning C4251: 'pagmo::population::m_ID': 'std::vector<boost::ulong_long_type,std::allocator<boost::ulong_long_type>>'에서는 'pagmo::population'의 클라이언트에서 DLL 인터페이스를 사용하도록 지정해야 함
  (소스 파일 'src/optimization/MooRunner.cpp'을(를) 컴파일하는 중)
      C:\Program Files\Microsoft Visual Studio\18\Community\VC\Tools\MSVC\14.44.35207\include\vector(442,7):
      'std::vector<boost::ulong_long_type,std::allocator<boost::ulong_long_type>>' 선언을 참조하십시오.
  
C:\local\project\UAMOptimization\FrameworkCpp\vcpkg_installed\x64-windows\include\pagmo\population.hpp(339,32): warning C4251: 'pagmo::population::m_x': 'std::vector<pagmo::vector_double,std::allocator<pagmo::vector_double>>'에서는 'pagmo::population'의 클라이언트에서 DLL 인터페이스를 사용하도록 지정해야 함
  (소스 파일 'src/optimization/MooRunner.cpp'을(를) 컴파일하는 중)
      C:\Program Files\Microsoft Visual Studio\18\Community\VC\Tools\MSVC\14.44.35207\include\vector(442,7):
      'std::vector<pagmo::vector_double,std::allocator<pagmo::vector_double>>' 선언을 참조하십시오.
  
C:\local\project\UAMOptimization\FrameworkCpp\vcpkg_installed\x64-windows\include\pagmo\population.hpp(341,32): warning C4251: 'pagmo::population::m_f': 'std::vector<pagmo::vector_double,std::allocator<pagmo::vector_double>>'에서는 'pagmo::population'의 클라이언트에서 DLL 인터페이스를 사용하도록 지정해야 함
  (소스 파일 'src/optimization/MooRunner.cpp'을(를) 컴파일하는 중)
      C:\Program Files\Microsoft Visual Studio\18\Community\VC\Tools\MSVC\14.44.35207\include\vector(442,7):
      'std::vector<pagmo::vector_double,std::allocator<pagmo::vector_double>>' 선언을 참조하십시오.
  
C:\local\project\UAMOptimization\FrameworkCpp\vcpkg_installed\x64-windows\include\pagmo\population.hpp(343,19): warning C4251: 'pagmo::population::m_champion_x': 'std::vector<double,std::allocator<double>>'에서는 'pagmo::population'의 클라이언트에서 DLL 인터페이스를 사용하도록 지정해야 함
  (소스 파일 'src/optimization/MooRunner.cpp'을(를) 컴파일하는 중)
      C:\Program Files\Microsoft Visual Studio\18\Community\VC\Tools\MSVC\14.44.35207\include\vector(442,7):
      'std::vector<double,std::allocator<double>>' 선언을 참조하십시오.
  
C:\local\project\UAMOptimization\FrameworkCpp\vcpkg_installed\x64-windows\include\pagmo\population.hpp(345,19): warning C4251: 'pagmo::population::m_champion_f': 'std::vector<double,std::allocator<double>>'에서는 'pagmo::population'의 클라이언트에서 DLL 인터페이스를 사용하도록 지정해야 함
  (소스 파일 'src/optimization/MooRunner.cpp'을(를) 컴파일하는 중)
      C:\Program Files\Microsoft Visual Studio\18\Community\VC\Tools\MSVC\14.44.35207\include\vector(442,7):
      'std::vector<double,std::allocator<double>>' 선언을 참조하십시오.
  
C:\local\project\UAMOptimization\FrameworkCpp\vcpkg_installed\x64-windows\include\pagmo\population.hpp(347,40): warning C4251: 'pagmo::population::m_e': 'std::mersenne_twister_engine<unsigned int,32,624,397,31,2567483615,11,4294967295,7,2636928640,15,4022730752,18,1812433253>'에서는 'pagmo::population'의 클라이언트에서 DLL 인터페이스를 사용하도록 지정해야 함
  (소스 파일 'src/optimization/MooRunner.cpp'을(를) 컴파일하는 중)
      C:\Program Files\Microsoft Visual Studio\18\Community\VC\Tools\MSVC\14.44.35207\include\random(1428,7):
      'std::mersenne_twister_engine<unsigned int,32,624,397,31,2567483615,11,4294967295,7,2636928640,15,4022730752,18,1812433253>' 선언을 참조하십시오.
  
C:\local\project\UAMOptimization\FrameworkCpp\vcpkg_installed\x64-windows\include\pagmo\algorithm.hpp(756,46): warning C4251: 'pagmo::algorithm::m_ptr': 'std::unique_ptr<pagmo::detail::algo_inner_base,std::default_delete<pagmo::detail::algo_inner_base>>'에서는 'pagmo::algorithm'의 클라이언트에서 DLL 인터페이스를 사용하도록 지정해야 함
  (소스 파일 'src/optimization/MooRunner.cpp'을(를) 컴파일하는 중)
      C:\Program Files\Microsoft Visual Studio\18\Community\VC\Tools\MSVC\14.44.35207\include\memory(3347,7):
      'std::unique_ptr<pagmo::detail::algo_inner_base,std::default_delete<pagmo::detail::algo_inner_base>>' 선언을 참조하십시오.
  
C:\local\project\UAMOptimization\FrameworkCpp\vcpkg_installed\x64-windows\include\pagmo\algorithm.hpp(763,17): warning C4251: 'pagmo::algorithm::m_name': 'std::basic_string<char,std::char_traits<char>,std::allocator<char>>'에서는 'pagmo::algorithm'의 클라이언트에서 DLL 인터페이스를 사용하도록 지정해야 함
  (소스 파일 'src/optimization/MooRunner.cpp'을(를) 컴파일하는 중)
      C:\Program Files\Microsoft Visual Studio\18\Community\VC\Tools\MSVC\14.44.35207\include\xstring(541,7):
      'std::basic_string<char,std::char_traits<char>,std::allocator<char>>' 선언을 참조하십시오.
  
C:\local\project\UAMOptimization\FrameworkCpp\vcpkg_installed\x64-windows\include\pagmo\algorithms\nsga2.hpp(182,40): warning C4251: 'pagmo::nsga2::m_e': 'std::mersenne_twister_engine<unsigned int,32,624,397,31,2567483615,11,4294967295,7,2636928640,15,4022730752,18,1812433253>'에서는 'pagmo::nsga2'의 클라이언트에서 DLL 인터페이스를 사용하도록 지정해야 함
  (소스 파일 'src/optimization/MooRunner.cpp'을(를) 컴파일하는 중)
      C:\Program Files\Microsoft Visual Studio\18\Community\VC\Tools\MSVC\14.44.35207\include\random(1428,7):
      'std::mersenne_twister_engine<unsigned int,32,624,397,31,2567483615,11,4294967295,7,2636928640,15,4022730752,18,1812433253>' 선언을 참조하십시오.
  
C:\local\project\UAMOptimization\FrameworkCpp\vcpkg_installed\x64-windows\include\pagmo\algorithms\nsga2.hpp(185,22): warning C4251: 'pagmo::nsga2::m_log': 'std::vector<pagmo::nsga2::log_line_type,std::allocator<pagmo::nsga2::log_line_type>>'에서는 'pagmo::nsga2'의 클라이언트에서 DLL 인터페이스를 사용하도록 지정해야 함
  (소스 파일 'src/optimization/MooRunner.cpp'을(를) 컴파일하는 중)
      C:\Program Files\Microsoft Visual Studio\18\Community\VC\Tools\MSVC\14.44.35207\include\vector(442,7):
      'std::vector<pagmo::nsga2::log_line_type,std::allocator<pagmo::nsga2::log_line_type>>' 선언을 참조하십시오.
  
C:\local\project\UAMOptimization\FrameworkCpp\vcpkg_installed\x64-windows\include\pagmo\algorithms\nsga2.hpp(186,26): warning C4251: 'pagmo::nsga2::m_bfe': 'boost::optional<pagmo::bfe>'에서는 'pagmo::nsga2'의 클라이언트에서 DLL 인터페이스를 사용하도록 지정해야 함
  (소스 파일 'src/optimization/MooRunner.cpp'을(를) 컴파일하는 중)
      C:\local\project\UAMOptimization\FrameworkCpp\vcpkg_installed\x64-windows\include\boost\optional\detail\union_optional.hpp(215,9):
      'boost::optional<pagmo::bfe>' 선언을 참조하십시오.
  
  OptimizationProblem.cpp
  PagmoProblemAdapter.cpp
C:\local\project\UAMOptimization\FrameworkCpp\vcpkg_installed\x64-windows\include\eigen3\Eigen\src\Core\MathFunctions.h(811,1): warning C4819: 현재 코드 페이지(949)에서 표시할 수 없는 문자가 파일에 들어 있습니다. 데이터가 손실되지 않게 하려면 해당 파일을 유니코드 형식으로 저장하십시오.
  (소스 파일 'src/optimization/PagmoProblemAdapter.cpp'을(를) 컴파일하는 중)
  
C:\local\project\UAMOptimization\FrameworkCpp\vcpkg_installed\x64-windows\include\eigen3\Eigen\src\Core\arch\Default\Half.h(1,1): warning C4819: 현재 코드 페이지(949)에서 표시할 수 없는 문자가 파일에 들어 있습니다. 데이터가 손실되지 않게 하려면 해당 파일을 유니코드 형식으로 저장하십시오.
  (소스 파일 'src/optimization/PagmoProblemAdapter.cpp'을(를) 컴파일하는 중)
  
C:\local\project\UAMOptimization\FrameworkCpp\vcpkg_installed\x64-windows\include\eigen3\Eigen\src\Core\arch\Default\BFloat16.h(1,1): warning C4819: 현재 코드 페이지(949)에서 표시할 수 없는 문자가 파일에 들어 있습니다. 데이터가 손실되지 않게 하려면 해당 파일을 유니코드 형식으로 저장하십시오.
  (소스 파일 'src/optimization/PagmoProblemAdapter.cpp'을(를) 컴파일하는 중)
  
C:\local\project\UAMOptimization\FrameworkCpp\vcpkg_installed\x64-windows\include\eigen3\Eigen\src\Core\arch\Default\GenericPacketMathFunctions.h(1335,1): warning C4819: 현재 코드 페이지(949)에서 표시할 수 없는 문자가 파일에 들어 있습니다. 데이터가 손실되지 않게 하려면 해당 파일을 유니코드 형식으로 저장하십시오.
  (소스 파일 'src/optimization/PagmoProblemAdapter.cpp'을(를) 컴파일하는 중)
  
C:\local\project\UAMOptimization\FrameworkCpp\vcpkg_installed\x64-windows\include\eigen3\Eigen\src\Core\arch\Default\GenericPacketMathFunctions.h(1941,1): warning C4819: 현재 코드 페이지(949)에서 표시할 수 없는 문자가 파일에 들어 있습니다. 데이터가 손실되지 않게 하려면 해당 파일을 유니코드 형식으로 저장하십시오.
  (소스 파일 'src/optimization/PagmoProblemAdapter.cpp'을(를) 컴파일하는 중)
  
C:\local\project\UAMOptimization\FrameworkCpp\vcpkg_installed\x64-windows\include\eigen3\Eigen\src\Core\SkewSymmetricMatrix3.h(1,1): warning C4819: 현재 코드 페이지(949)에서 표시할 수 없는 문자가 파일에 들어 있습니다. 데이터가 손실되지 않게 하려면 해당 파일을 유니코드 형식으로 저장하십시오.
  (소스 파일 'src/optimization/PagmoProblemAdapter.cpp'을(를) 컴파일하는 중)
  
C:\local\project\UAMOptimization\FrameworkCpp\vcpkg_installed\x64-windows\include\eigen3\Eigen\src\Core\products\GeneralBlockPanelKernel.h(2480,1): warning C4819: 현재 코드 페이지(949)에서 표시할 수 없는 문자가 파일에 들어 있습니다. 데이터가 손실되지 않게 하려면 해당 파일을 유니코드 형식으로 저장하십시오.
  (소스 파일 'src/optimization/PagmoProblemAdapter.cpp'을(를) 컴파일하는 중)
  
  코드를 생성하고 있습니다...
  컴파일하고 있습니다...
  SooRunner.cpp
C:\local\project\UAMOptimization\FrameworkCpp\vcpkg_installed\x64-windows\include\eigen3\Eigen\src\Core\MathFunctions.h(811,1): warning C4819: 현재 코드 페이지(949)에서 표시할 수 없는 문자가 파일에 들어 있습니다. 데이터가 손실되지 않게 하려면 해당 파일을 유니코드 형식으로 저장하십시오.
  (소스 파일 'src/optimization/SooRunner.cpp'을(를) 컴파일하는 중)
  
C:\local\project\UAMOptimization\FrameworkCpp\vcpkg_installed\x64-windows\include\eigen3\Eigen\src\Core\arch\Default\Half.h(1,1): warning C4819: 현재 코드 페이지(949)에서 표시할 수 없는 문자가 파일에 들어 있습니다. 데이터가 손실되지 않게 하려면 해당 파일을 유니코드 형식으로 저장하십시오.
  (소스 파일 'src/optimization/SooRunner.cpp'을(를) 컴파일하는 중)
  
C:\local\project\UAMOptimization\FrameworkCpp\vcpkg_installed\x64-windows\include\eigen3\Eigen\src\Core\arch\Default\BFloat16.h(1,1): warning C4819: 현재 코드 페이지(949)에서 표시할 수 없는 문자가 파일에 들어 있습니다. 데이터가 손실되지 않게 하려면 해당 파일을 유니코드 형식으로 저장하십시오.
  (소스 파일 'src/optimization/SooRunner.cpp'을(를) 컴파일하는 중)
  
C:\local\project\UAMOptimization\FrameworkCpp\vcpkg_installed\x64-windows\include\eigen3\Eigen\src\Core\arch\Default\GenericPacketMathFunctions.h(1335,1): warning C4819: 현재 코드 페이지(949)에서 표시할 수 없는 문자가 파일에 들어 있습니다. 데이터가 손실되지 않게 하려면 해당 파일을 유니코드 형식으로 저장하십시오.
  (소스 파일 'src/optimization/SooRunner.cpp'을(를) 컴파일하는 중)
  
C:\local\project\UAMOptimization\FrameworkCpp\vcpkg_installed\x64-windows\include\eigen3\Eigen\src\Core\arch\Default\GenericPacketMathFunctions.h(1941,1): warning C4819: 현재 코드 페이지(949)에서 표시할 수 없는 문자가 파일에 들어 있습니다. 데이터가 손실되지 않게 하려면 해당 파일을 유니코드 형식으로 저장하십시오.
  (소스 파일 'src/optimization/SooRunner.cpp'을(를) 컴파일하는 중)
  
C:\local\project\UAMOptimization\FrameworkCpp\vcpkg_installed\x64-windows\include\eigen3\Eigen\src\Core\SkewSymmetricMatrix3.h(1,1): warning C4819: 현재 코드 페이지(949)에서 표시할 수 없는 문자가 파일에 들어 있습니다. 데이터가 손실되지 않게 하려면 해당 파일을 유니코드 형식으로 저장하십시오.
  (소스 파일 'src/optimization/SooRunner.cpp'을(를) 컴파일하는 중)
  
C:\local\project\UAMOptimization\FrameworkCpp\vcpkg_installed\x64-windows\include\eigen3\Eigen\src\Core\products\GeneralBlockPanelKernel.h(2480,1): warning C4819: 현재 코드 페이지(949)에서 표시할 수 없는 문자가 파일에 들어 있습니다. 데이터가 손실되지 않게 하려면 해당 파일을 유니코드 형식으로 저장하십시오.
  (소스 파일 'src/optimization/SooRunner.cpp'을(를) 컴파일하는 중)
  
C:\local\project\UAMOptimization\FrameworkCpp\vcpkg_installed\x64-windows\include\pagmo\problem.hpp(1652,46): warning C4251: 'pagmo::problem::m_ptr': 'std::unique_ptr<pagmo::detail::prob_inner_base,std::default_delete<pagmo::detail::prob_inner_base>>'에서는 'pagmo::problem'의 클라이언트에서 DLL 인터페이스를 사용하도록 지정해야 함
  (소스 파일 'src/optimization/SooRunner.cpp'을(를) 컴파일하는 중)
      C:\Program Files\Microsoft Visual Studio\18\Community\VC\Tools\MSVC\14.44.35207\include\memory(3347,7):
      'std::unique_ptr<pagmo::detail::prob_inner_base,std::default_delete<pagmo::detail::prob_inner_base>>' 선언을 참조하십시오.
  
C:\local\project\UAMOptimization\FrameworkCpp\vcpkg_installed\x64-windows\include\pagmo\problem.hpp(1654,45): warning C4251: 'pagmo::problem::m_fevals': 'std::atomic<unsigned __int64>'에서는 'pagmo::problem'의 클라이언트에서 DLL 인터페이스를 사용하도록 지정해야 함
  (소스 파일 'src/optimization/SooRunner.cpp'을(를) 컴파일하는 중)
      C:\Program Files\Microsoft Visual Studio\18\Community\VC\Tools\MSVC\14.44.35207\include\atomic(2131,8):
      'std::atomic<unsigned __int64>' 선언을 참조하십시오.
  
C:\local\project\UAMOptimization\FrameworkCpp\vcpkg_installed\x64-windows\include\pagmo\problem.hpp(1656,45): warning C4251: 'pagmo::problem::m_gevals': 'std::atomic<unsigned __int64>'에서는 'pagmo::problem'의 클라이언트에서 DLL 인터페이스를 사용하도록 지정해야 함
  (소스 파일 'src/optimization/SooRunner.cpp'을(를) 컴파일하는 중)
      C:\Program Files\Microsoft Visual Studio\18\Community\VC\Tools\MSVC\14.44.35207\include\atomic(2131,8):
      'std::atomic<unsigned __int64>' 선언을 참조하십시오.
  
C:\local\project\UAMOptimization\FrameworkCpp\vcpkg_installed\x64-windows\include\pagmo\problem.hpp(1658,45): warning C4251: 'pagmo::problem::m_hevals': 'std::atomic<unsigned __int64>'에서는 'pagmo::problem'의 클라이언트에서 DLL 인터페이스를 사용하도록 지정해야 함
  (소스 파일 'src/optimization/SooRunner.cpp'을(를) 컴파일하는 중)
      C:\Program Files\Microsoft Visual Studio\18\Community\VC\Tools\MSVC\14.44.35207\include\atomic(2131,8):
      'std::atomic<unsigned __int64>' 선언을 참조하십시오.
  
C:\local\project\UAMOptimization\FrameworkCpp\vcpkg_installed\x64-windows\include\pagmo\problem.hpp(1663,19): warning C4251: 'pagmo::problem::m_lb': 'std::vector<double,std::allocator<double>>'에서는 'pagmo::problem'의 클라이언트에서 DLL 인터페이스를 사용하도록 지정해야 함
  (소스 파일 'src/optimization/SooRunner.cpp'을(를) 컴파일하는 중)
      C:\Program Files\Microsoft Visual Studio\18\Community\VC\Tools\MSVC\14.44.35207\include\vector(442,7):
      'std::vector<double,std::allocator<double>>' 선언을 참조하십시오.
  
C:\local\project\UAMOptimization\FrameworkCpp\vcpkg_installed\x64-windows\include\pagmo\problem.hpp(1664,19): warning C4251: 'pagmo::problem::m_ub': 'std::vector<double,std::allocator<double>>'에서는 'pagmo::problem'의 클라이언트에서 DLL 인터페이스를 사용하도록 지정해야 함
  (소스 파일 'src/optimization/SooRunner.cpp'을(를) 컴파일하는 중)
      C:\Program Files\Microsoft Visual Studio\18\Community\VC\Tools\MSVC\14.44.35207\include\vector(442,7):
      'std::vector<double,std::allocator<double>>' 선언을 참조하십시오.
  
C:\local\project\UAMOptimization\FrameworkCpp\vcpkg_installed\x64-windows\include\pagmo\problem.hpp(1669,19): warning C4251: 'pagmo::problem::m_c_tol': 'std::vector<double,std::allocator<double>>'에서는 'pagmo::problem'의 클라이언트에서 DLL 인터페이스를 사용하도록 지정해야 함
  (소스 파일 'src/optimization/SooRunner.cpp'을(를) 컴파일하는 중)
      C:\Program Files\Microsoft Visual Studio\18\Community\VC\Tools\MSVC\14.44.35207\include\vector(442,7):
      'std::vector<double,std::allocator<double>>' 선언을 참조하십시오.
  
C:\local\project\UAMOptimization\FrameworkCpp\vcpkg_installed\x64-windows\include\pagmo\problem.hpp(1676,17): warning C4251: 'pagmo::problem::m_name': 'std::basic_string<char,std::char_traits<char>,std::allocator<char>>'에서는 'pagmo::problem'의 클라이언트에서 DLL 인터페이스를 사용하도록 지정해야 함
  (소스 파일 'src/optimization/SooRunner.cpp'을(를) 컴파일하는 중)
      C:\Program Files\Microsoft Visual Studio\18\Community\VC\Tools\MSVC\14.44.35207\include\xstring(541,7):
      'std::basic_string<char,std::char_traits<char>,std::allocator<char>>' 선언을 참조하십시오.
  
C:\local\project\UAMOptimization\FrameworkCpp\vcpkg_installed\x64-windows\include\pagmo\problem.hpp(1681,43): warning C4251: 'pagmo::problem::m_hs_dim': 'std::vector<boost::ulong_long_type,std::allocator<boost::ulong_long_type>>'에서는 'pagmo::problem'의 클라이언트에서 DLL 인터페이스를 사용하도록 지정해야 함
  (소스 파일 'src/optimization/SooRunner.cpp'을(를) 컴파일하는 중)
      C:\Program Files\Microsoft Visual Studio\18\Community\VC\Tools\MSVC\14.44.35207\include\vector(442,7):
      'std::vector<boost::ulong_long_type,std::allocator<boost::ulong_long_type>>' 선언을 참조하십시오.
  
C:\local\project\UAMOptimization\FrameworkCpp\vcpkg_installed\x64-windows\include\pagmo\bfe.hpp(381,45): warning C4251: 'pagmo::bfe::m_ptr': 'std::unique_ptr<pagmo::detail::bfe_inner_base,std::default_delete<pagmo::detail::bfe_inner_base>>'에서는 'pagmo::bfe'의 클라이언트에서 DLL 인터페이스를 사용하도록 지정해야 함
  (소스 파일 'src/optimization/SooRunner.cpp'을(를) 컴파일하는 중)
      C:\Program Files\Microsoft Visual Studio\18\Community\VC\Tools\MSVC\14.44.35207\include\memory(3347,7):
      'std::unique_ptr<pagmo::detail::bfe_inner_base,std::default_delete<pagmo::detail::bfe_inner_base>>' 선언을 참조하십시오.
  
C:\local\project\UAMOptimization\FrameworkCpp\vcpkg_installed\x64-windows\include\pagmo\bfe.hpp(386,17): warning C4251: 'pagmo::bfe::m_name': 'std::basic_string<char,std::char_traits<char>,std::allocator<char>>'에서는 'pagmo::bfe'의 클라이언트에서 DLL 인터페이스를 사용하도록 지정해야 함
  (소스 파일 'src/optimization/SooRunner.cpp'을(를) 컴파일하는 중)
      C:\Program Files\Microsoft Visual Studio\18\Community\VC\Tools\MSVC\14.44.35207\include\xstring(541,7):
      'std::basic_string<char,std::char_traits<char>,std::allocator<char>>' 선언을 참조하십시오.
  
C:\local\project\UAMOptimization\FrameworkCpp\vcpkg_installed\x64-windows\include\pagmo\population.hpp(337,37): warning C4251: 'pagmo::population::m_ID': 'std::vector<boost::ulong_long_type,std::allocator<boost::ulong_long_type>>'에서는 'pagmo::population'의 클라이언트에서 DLL 인터페이스를 사용하도록 지정해야 함
  (소스 파일 'src/optimization/SooRunner.cpp'을(를) 컴파일하는 중)
      C:\Program Files\Microsoft Visual Studio\18\Community\VC\Tools\MSVC\14.44.35207\include\vector(442,7):
      'std::vector<boost::ulong_long_type,std::allocator<boost::ulong_long_type>>' 선언을 참조하십시오.
  
C:\local\project\UAMOptimization\FrameworkCpp\vcpkg_installed\x64-windows\include\pagmo\population.hpp(339,32): warning C4251: 'pagmo::population::m_x': 'std::vector<pagmo::vector_double,std::allocator<pagmo::vector_double>>'에서는 'pagmo::population'의 클라이언트에서 DLL 인터페이스를 사용하도록 지정해야 함
  (소스 파일 'src/optimization/SooRunner.cpp'을(를) 컴파일하는 중)
      C:\Program Files\Microsoft Visual Studio\18\Community\VC\Tools\MSVC\14.44.35207\include\vector(442,7):
      'std::vector<pagmo::vector_double,std::allocator<pagmo::vector_double>>' 선언을 참조하십시오.
  
C:\local\project\UAMOptimization\FrameworkCpp\vcpkg_installed\x64-windows\include\pagmo\population.hpp(341,32): warning C4251: 'pagmo::population::m_f': 'std::vector<pagmo::vector_double,std::allocator<pagmo::vector_double>>'에서는 'pagmo::population'의 클라이언트에서 DLL 인터페이스를 사용하도록 지정해야 함
  (소스 파일 'src/optimization/SooRunner.cpp'을(를) 컴파일하는 중)
      C:\Program Files\Microsoft Visual Studio\18\Community\VC\Tools\MSVC\14.44.35207\include\vector(442,7):
      'std::vector<pagmo::vector_double,std::allocator<pagmo::vector_double>>' 선언을 참조하십시오.
  
C:\local\project\UAMOptimization\FrameworkCpp\vcpkg_installed\x64-windows\include\pagmo\population.hpp(343,19): warning C4251: 'pagmo::population::m_champion_x': 'std::vector<double,std::allocator<double>>'에서는 'pagmo::population'의 클라이언트에서 DLL 인터페이스를 사용하도록 지정해야 함
  (소스 파일 'src/optimization/SooRunner.cpp'을(를) 컴파일하는 중)
      C:\Program Files\Microsoft Visual Studio\18\Community\VC\Tools\MSVC\14.44.35207\include\vector(442,7):
      'std::vector<double,std::allocator<double>>' 선언을 참조하십시오.
  
C:\local\project\UAMOptimization\FrameworkCpp\vcpkg_installed\x64-windows\include\pagmo\population.hpp(345,19): warning C4251: 'pagmo::population::m_champion_f': 'std::vector<double,std::allocator<double>>'에서는 'pagmo::population'의 클라이언트에서 DLL 인터페이스를 사용하도록 지정해야 함
  (소스 파일 'src/optimization/SooRunner.cpp'을(를) 컴파일하는 중)
      C:\Program Files\Microsoft Visual Studio\18\Community\VC\Tools\MSVC\14.44.35207\include\vector(442,7):
      'std::vector<double,std::allocator<double>>' 선언을 참조하십시오.
  
C:\local\project\UAMOptimization\FrameworkCpp\vcpkg_installed\x64-windows\include\pagmo\population.hpp(347,40): warning C4251: 'pagmo::population::m_e': 'std::mersenne_twister_engine<unsigned int,32,624,397,31,2567483615,11,4294967295,7,2636928640,15,4022730752,18,1812433253>'에서는 'pagmo::population'의 클라이언트에서 DLL 인터페이스를 사용하도록 지정해야 함
  (소스 파일 'src/optimization/SooRunner.cpp'을(를) 컴파일하는 중)
      C:\Program Files\Microsoft Visual Studio\18\Community\VC\Tools\MSVC\14.44.35207\include\random(1428,7):
      'std::mersenne_twister_engine<unsigned int,32,624,397,31,2567483615,11,4294967295,7,2636928640,15,4022730752,18,1812433253>' 선언을 참조하십시오.
  
C:\local\project\UAMOptimization\FrameworkCpp\vcpkg_installed\x64-windows\include\pagmo\algorithm.hpp(756,46): warning C4251: 'pagmo::algorithm::m_ptr': 'std::unique_ptr<pagmo::detail::algo_inner_base,std::default_delete<pagmo::detail::algo_inner_base>>'에서는 'pagmo::algorithm'의 클라이언트에서 DLL 인터페이스를 사용하도록 지정해야 함
  (소스 파일 'src/optimization/SooRunner.cpp'을(를) 컴파일하는 중)
      C:\Program Files\Microsoft Visual Studio\18\Community\VC\Tools\MSVC\14.44.35207\include\memory(3347,7):
      'std::unique_ptr<pagmo::detail::algo_inner_base,std::default_delete<pagmo::detail::algo_inner_base>>' 선언을 참조하십시오.
  
C:\local\project\UAMOptimization\FrameworkCpp\vcpkg_installed\x64-windows\include\pagmo\algorithm.hpp(763,17): warning C4251: 'pagmo::algorithm::m_name': 'std::basic_string<char,std::char_traits<char>,std::allocator<char>>'에서는 'pagmo::algorithm'의 클라이언트에서 DLL 인터페이스를 사용하도록 지정해야 함
  (소스 파일 'src/optimization/SooRunner.cpp'을(를) 컴파일하는 중)
      C:\Program Files\Microsoft Visual Studio\18\Community\VC\Tools\MSVC\14.44.35207\include\xstring(541,7):
      'std::basic_string<char,std::char_traits<char>,std::allocator<char>>' 선언을 참조하십시오.
  
C:\local\project\UAMOptimization\FrameworkCpp\vcpkg_installed\x64-windows\include\pagmo\algorithms\cmaes.hpp(255,29): warning C4251: 'pagmo::cmaes::mean': 'Eigen::Matrix<double,-1,1,0,-1,1>'에서는 'pagmo::cmaes'의 클라이언트에서 DLL 인터페이스를 사용하도록 지정해야 함
  (소스 파일 'src/optimization/SooRunner.cpp'을(를) 컴파일하는 중)
      C:\local\project\UAMOptimization\FrameworkCpp\vcpkg_installed\x64-windows\include\eigen3\Eigen\src\Core\Matrix.h(186,7):
      'Eigen::Matrix<double,-1,1,0,-1,1>' 선언을 참조하십시오.
  
C:\local\project\UAMOptimization\FrameworkCpp\vcpkg_installed\x64-windows\include\pagmo\algorithms\cmaes.hpp(256,29): warning C4251: 'pagmo::cmaes::variation': 'Eigen::Matrix<double,-1,1,0,-1,1>'에서는 'pagmo::cmaes'의 클라이언트에서 DLL 인터페이스를 사용하도록 지정해야 함
  (소스 파일 'src/optimization/SooRunner.cpp'을(를) 컴파일하는 중)
      C:\local\project\UAMOptimization\FrameworkCpp\vcpkg_installed\x64-windows\include\eigen3\Eigen\src\Core\Matrix.h(186,7):
      'Eigen::Matrix<double,-1,1,0,-1,1>' 선언을 참조하십시오.
  
C:\local\project\UAMOptimization\FrameworkCpp\vcpkg_installed\x64-windows\include\pagmo\algorithms\cmaes.hpp(257,42): warning C4251: 'pagmo::cmaes::newpop': 'std::vector<Eigen::VectorXd,std::allocator<Eigen::VectorXd>>'에서는 'pagmo::cmaes'의 클라이언트에서 DLL 인터페이스를 사용하도록 지정해야 함
  (소스 파일 'src/optimization/SooRunner.cpp'을(를) 컴파일하는 중)
      C:\Program Files\Microsoft Visual Studio\18\Community\VC\Tools\MSVC\14.44.35207\include\vector(442,7):
      'std::vector<Eigen::VectorXd,std::allocator<Eigen::VectorXd>>' 선언을 참조하십시오.
  
C:\local\project\UAMOptimization\FrameworkCpp\vcpkg_installed\x64-windows\include\pagmo\algorithms\cmaes.hpp(258,29): warning C4251: 'pagmo::cmaes::B': 'Eigen::Matrix<double,-1,-1,0,-1,-1>'에서는 'pagmo::cmaes'의 클라이언트에서 DLL 인터페이스를 사용하도록 지정해야 함
  (소스 파일 'src/optimization/SooRunner.cpp'을(를) 컴파일하는 중)
      C:\local\project\UAMOptimization\FrameworkCpp\vcpkg_installed\x64-windows\include\eigen3\Eigen\src\Core\Matrix.h(186,7):
      'Eigen::Matrix<double,-1,-1,0,-1,-1>' 선언을 참조하십시오.
  
C:\local\project\UAMOptimization\FrameworkCpp\vcpkg_installed\x64-windows\include\pagmo\algorithms\cmaes.hpp(259,29): warning C4251: 'pagmo::cmaes::D': 'Eigen::Matrix<double,-1,-1,0,-1,-1>'에서는 'pagmo::cmaes'의 클라이언트에서 DLL 인터페이스를 사용하도록 지정해야 함
  (소스 파일 'src/optimization/SooRunner.cpp'을(를) 컴파일하는 중)
      C:\local\project\UAMOptimization\FrameworkCpp\vcpkg_installed\x64-windows\include\eigen3\Eigen\src\Core\Matrix.h(186,7):
      'Eigen::Matrix<double,-1,-1,0,-1,-1>' 선언을 참조하십시오.
  
C:\local\project\UAMOptimization\FrameworkCpp\vcpkg_installed\x64-windows\include\pagmo\algorithms\cmaes.hpp(260,29): warning C4251: 'pagmo::cmaes::C': 'Eigen::Matrix<double,-1,-1,0,-1,-1>'에서는 'pagmo::cmaes'의 클라이언트에서 DLL 인터페이스를 사용하도록 지정해야 함
  (소스 파일 'src/optimization/SooRunner.cpp'을(를) 컴파일하는 중)
      C:\local\project\UAMOptimization\FrameworkCpp\vcpkg_installed\x64-windows\include\eigen3\Eigen\src\Core\Matrix.h(186,7):
      'Eigen::Matrix<double,-1,-1,0,-1,-1>' 선언을 참조하십시오.
  
C:\local\project\UAMOptimization\FrameworkCpp\vcpkg_installed\x64-windows\include\pagmo\algorithms\cmaes.hpp(261,29): warning C4251: 'pagmo::cmaes::invsqrtC': 'Eigen::Matrix<double,-1,-1,0,-1,-1>'에서는 'pagmo::cmaes'의 클라이언트에서 DLL 인터페이스를 사용하도록 지정해야 함
  (소스 파일 'src/optimization/SooRunner.cpp'을(를) 컴파일하는 중)
      C:\local\project\UAMOptimization\FrameworkCpp\vcpkg_installed\x64-windows\include\eigen3\Eigen\src\Core\Matrix.h(186,7):
      'Eigen::Matrix<double,-1,-1,0,-1,-1>' 선언을 참조하십시오.
  
C:\local\project\UAMOptimization\FrameworkCpp\vcpkg_installed\x64-windows\include\pagmo\algorithms\cmaes.hpp(262,29): warning C4251: 'pagmo::cmaes::pc': 'Eigen::Matrix<double,-1,1,0,-1,1>'에서는 'pagmo::cmaes'의 클라이언트에서 DLL 인터페이스를 사용하도록 지정해야 함
  (소스 파일 'src/optimization/SooRunner.cpp'을(를) 컴파일하는 중)
      C:\local\project\UAMOptimization\FrameworkCpp\vcpkg_installed\x64-windows\include\eigen3\Eigen\src\Core\Matrix.h(186,7):
      'Eigen::Matrix<double,-1,1,0,-1,1>' 선언을 참조하십시오.
  
C:\local\project\UAMOptimization\FrameworkCpp\vcpkg_installed\x64-windows\include\pagmo\algorithms\cmaes.hpp(263,29): warning C4251: 'pagmo::cmaes::ps': 'Eigen::Matrix<double,-1,1,0,-1,1>'에서는 'pagmo::cmaes'의 클라이언트에서 DLL 인터페이스를 사용하도록 지정해야 함
  (소스 파일 'src/optimization/SooRunner.cpp'을(를) 컴파일하는 중)
      C:\local\project\UAMOptimization\FrameworkCpp\vcpkg_installed\x64-windows\include\eigen3\Eigen\src\Core\Matrix.h(186,7):
      'Eigen::Matrix<double,-1,1,0,-1,1>' 선언을 참조하십시오.
  
C:\local\project\UAMOptimization\FrameworkCpp\vcpkg_installed\x64-windows\include\pagmo\algorithms\cmaes.hpp(268,40): warning C4251: 'pagmo::cmaes::m_e': 'std::mersenne_twister_engine<unsigned int,32,624,397,31,2567483615,11,4294967295,7,2636928640,15,4022730752,18,1812433253>'에서는 'pagmo::cmaes'의 클라이언트에서 DLL 인터페이스를 사용하도록 지정해야 함
  (소스 파일 'src/optimization/SooRunner.cpp'을(를) 컴파일하는 중)
      C:\Program Files\Microsoft Visual Studio\18\Community\VC\Tools\MSVC\14.44.35207\include\random(1428,7):
      'std::mersenne_twister_engine<unsigned int,32,624,397,31,2567483615,11,4294967295,7,2636928640,15,4022730752,18,1812433253>' 선언을 참조하십시오.
  
C:\local\project\UAMOptimization\FrameworkCpp\vcpkg_installed\x64-windows\include\pagmo\algorithms\cmaes.hpp(271,22): warning C4251: 'pagmo::cmaes::m_log': 'std::vector<pagmo::cmaes::log_line_type,std::allocator<pagmo::cmaes::log_line_type>>'에서는 'pagmo::cmaes'의 클라이언트에서 DLL 인터페이스를 사용하도록 지정해야 함
  (소스 파일 'src/optimization/SooRunner.cpp'을(를) 컴파일하는 중)
      C:\Program Files\Microsoft Visual Studio\18\Community\VC\Tools\MSVC\14.44.35207\include\vector(442,7):
      'std::vector<pagmo::cmaes::log_line_type,std::allocator<pagmo::cmaes::log_line_type>>' 선언을 참조하십시오.
  
C:\local\project\UAMOptimization\FrameworkCpp\vcpkg_installed\x64-windows\include\pagmo\algorithms\cmaes.hpp(272,26): warning C4251: 'pagmo::cmaes::m_bfe': 'boost::optional<pagmo::bfe>'에서는 'pagmo::cmaes'의 클라이언트에서 DLL 인터페이스를 사용하도록 지정해야 함
  (소스 파일 'src/optimization/SooRunner.cpp'을(를) 컴파일하는 중)
      C:\local\project\UAMOptimization\FrameworkCpp\vcpkg_installed\x64-windows\include\boost\optional\detail\union_optional.hpp(215,9):
      'boost::optional<pagmo::bfe>' 선언을 참조하십시오.
  
  AllocationMatrixBuilder.cpp
C:\local\project\UAMOptimization\FrameworkCpp\vcpkg_installed\x64-windows\include\eigen3\Eigen\src\Core\MathFunctions.h(811,1): warning C4819: 현재 코드 페이지(949)에서 표시할 수 없는 문자가 파일에 들어 있습니다. 데이터가 손실되지 않게 하려면 해당 파일을 유니코드 형식으로 저장하십시오.
  (소스 파일 'src/physics/AllocationMatrixBuilder.cpp'을(를) 컴파일하는 중)
  
C:\local\project\UAMOptimization\FrameworkCpp\vcpkg_installed\x64-windows\include\eigen3\Eigen\src\Core\arch\Default\Half.h(1,1): warning C4819: 현재 코드 페이지(949)에서 표시할 수 없는 문자가 파일에 들어 있습니다. 데이터가 손실되지 않게 하려면 해당 파일을 유니코드 형식으로 저장하십시오.
  (소스 파일 'src/physics/AllocationMatrixBuilder.cpp'을(를) 컴파일하는 중)
  
C:\local\project\UAMOptimization\FrameworkCpp\vcpkg_installed\x64-windows\include\eigen3\Eigen\src\Core\arch\Default\BFloat16.h(1,1): warning C4819: 현재 코드 페이지(949)에서 표시할 수 없는 문자가 파일에 들어 있습니다. 데이터가 손실되지 않게 하려면 해당 파일을 유니코드 형식으로 저장하십시오.
  (소스 파일 'src/physics/AllocationMatrixBuilder.cpp'을(를) 컴파일하는 중)
  
C:\local\project\UAMOptimization\FrameworkCpp\vcpkg_installed\x64-windows\include\eigen3\Eigen\src\Core\arch\Default\GenericPacketMathFunctions.h(1335,1): warning C4819: 현재 코드 페이지(949)에서 표시할 수 없는 문자가 파일에 들어 있습니다. 데이터가 손실되지 않게 하려면 해당 파일을 유니코드 형식으로 저장하십시오.
  (소스 파일 'src/physics/AllocationMatrixBuilder.cpp'을(를) 컴파일하는 중)
  
C:\local\project\UAMOptimization\FrameworkCpp\vcpkg_installed\x64-windows\include\eigen3\Eigen\src\Core\arch\Default\GenericPacketMathFunctions.h(1941,1): warning C4819: 현재 코드 페이지(949)에서 표시할 수 없는 문자가 파일에 들어 있습니다. 데이터가 손실되지 않게 하려면 해당 파일을 유니코드 형식으로 저장하십시오.
  (소스 파일 'src/physics/AllocationMatrixBuilder.cpp'을(를) 컴파일하는 중)
  
C:\local\project\UAMOptimization\FrameworkCpp\vcpkg_installed\x64-windows\include\eigen3\Eigen\src\Core\SkewSymmetricMatrix3.h(1,1): warning C4819: 현재 코드 페이지(949)에서 표시할 수 없는 문자가 파일에 들어 있습니다. 데이터가 손실되지 않게 하려면 해당 파일을 유니코드 형식으로 저장하십시오.
  (소스 파일 'src/physics/AllocationMatrixBuilder.cpp'을(를) 컴파일하는 중)
  
C:\local\project\UAMOptimization\FrameworkCpp\vcpkg_installed\x64-windows\include\eigen3\Eigen\src\Core\products\GeneralBlockPanelKernel.h(2480,1): warning C4819: 현재 코드 페이지(949)에서 표시할 수 없는 문자가 파일에 들어 있습니다. 데이터가 손실되지 않게 하려면 해당 파일을 유니코드 형식으로 저장하십시오.
  (소스 파일 'src/physics/AllocationMatrixBuilder.cpp'을(를) 컴파일하는 중)
  
  PhysicsTypes.cpp
C:\local\project\UAMOptimization\FrameworkCpp\vcpkg_installed\x64-windows\include\eigen3\Eigen\src\Core\MathFunctions.h(811,1): warning C4819: 현재 코드 페이지(949)에서 표시할 수 없는 문자가 파일에 들어 있습니다. 데이터가 손실되지 않게 하려면 해당 파일을 유니코드 형식으로 저장하십시오.
  (소스 파일 'src/physics/PhysicsTypes.cpp'을(를) 컴파일하는 중)
  
C:\local\project\UAMOptimization\FrameworkCpp\vcpkg_installed\x64-windows\include\eigen3\Eigen\src\Core\arch\Default\Half.h(1,1): warning C4819: 현재 코드 페이지(949)에서 표시할 수 없는 문자가 파일에 들어 있습니다. 데이터가 손실되지 않게 하려면 해당 파일을 유니코드 형식으로 저장하십시오.
  (소스 파일 'src/physics/PhysicsTypes.cpp'을(를) 컴파일하는 중)
  
C:\local\project\UAMOptimization\FrameworkCpp\vcpkg_installed\x64-windows\include\eigen3\Eigen\src\Core\arch\Default\BFloat16.h(1,1): warning C4819: 현재 코드 페이지(949)에서 표시할 수 없는 문자가 파일에 들어 있습니다. 데이터가 손실되지 않게 하려면 해당 파일을 유니코드 형식으로 저장하십시오.
  (소스 파일 'src/physics/PhysicsTypes.cpp'을(를) 컴파일하는 중)
  
C:\local\project\UAMOptimization\FrameworkCpp\vcpkg_installed\x64-windows\include\eigen3\Eigen\src\Core\arch\Default\GenericPacketMathFunctions.h(1335,1): warning C4819: 현재 코드 페이지(949)에서 표시할 수 없는 문자가 파일에 들어 있습니다. 데이터가 손실되지 않게 하려면 해당 파일을 유니코드 형식으로 저장하십시오.
  (소스 파일 'src/physics/PhysicsTypes.cpp'을(를) 컴파일하는 중)
  
C:\local\project\UAMOptimization\FrameworkCpp\vcpkg_installed\x64-windows\include\eigen3\Eigen\src\Core\arch\Default\GenericPacketMathFunctions.h(1941,1): warning C4819: 현재 코드 페이지(949)에서 표시할 수 없는 문자가 파일에 들어 있습니다. 데이터가 손실되지 않게 하려면 해당 파일을 유니코드 형식으로 저장하십시오.
  (소스 파일 'src/physics/PhysicsTypes.cpp'을(를) 컴파일하는 중)
  
C:\local\project\UAMOptimization\FrameworkCpp\vcpkg_installed\x64-windows\include\eigen3\Eigen\src\Core\SkewSymmetricMatrix3.h(1,1): warning C4819: 현재 코드 페이지(949)에서 표시할 수 없는 문자가 파일에 들어 있습니다. 데이터가 손실되지 않게 하려면 해당 파일을 유니코드 형식으로 저장하십시오.
  (소스 파일 'src/physics/PhysicsTypes.cpp'을(를) 컴파일하는 중)
  
C:\local\project\UAMOptimization\FrameworkCpp\vcpkg_installed\x64-windows\include\eigen3\Eigen\src\Core\products\GeneralBlockPanelKernel.h(2480,1): warning C4819: 현재 코드 페이지(949)에서 표시할 수 없는 문자가 파일에 들어 있습니다. 데이터가 손실되지 않게 하려면 해당 파일을 유니코드 형식으로 저장하십시오.
  (소스 파일 'src/physics/PhysicsTypes.cpp'을(를) 컴파일하는 중)
  
  PrimitiveDistance.cpp
C:\local\project\UAMOptimization\FrameworkCpp\vcpkg_installed\x64-windows\include\eigen3\Eigen\src\Core\MathFunctions.h(811,1): warning C4819: 현재 코드 페이지(949)에서 표시할 수 없는 문자가 파일에 들어 있습니다. 데이터가 손실되지 않게 하려면 해당 파일을 유니코드 형식으로 저장하십시오.
  (소스 파일 'src/physics/PrimitiveDistance.cpp'을(를) 컴파일하는 중)
  
C:\local\project\UAMOptimization\FrameworkCpp\vcpkg_installed\x64-windows\include\eigen3\Eigen\src\Core\arch\Default\Half.h(1,1): warning C4819: 현재 코드 페이지(949)에서 표시할 수 없는 문자가 파일에 들어 있습니다. 데이터가 손실되지 않게 하려면 해당 파일을 유니코드 형식으로 저장하십시오.
  (소스 파일 'src/physics/PrimitiveDistance.cpp'을(를) 컴파일하는 중)
  
C:\local\project\UAMOptimization\FrameworkCpp\vcpkg_installed\x64-windows\include\eigen3\Eigen\src\Core\arch\Default\BFloat16.h(1,1): warning C4819: 현재 코드 페이지(949)에서 표시할 수 없는 문자가 파일에 들어 있습니다. 데이터가 손실되지 않게 하려면 해당 파일을 유니코드 형식으로 저장하십시오.
  (소스 파일 'src/physics/PrimitiveDistance.cpp'을(를) 컴파일하는 중)
  
C:\local\project\UAMOptimization\FrameworkCpp\vcpkg_installed\x64-windows\include\eigen3\Eigen\src\Core\arch\Default\GenericPacketMathFunctions.h(1335,1): warning C4819: 현재 코드 페이지(949)에서 표시할 수 없는 문자가 파일에 들어 있습니다. 데이터가 손실되지 않게 하려면 해당 파일을 유니코드 형식으로 저장하십시오.
  (소스 파일 'src/physics/PrimitiveDistance.cpp'을(를) 컴파일하는 중)
  
C:\local\project\UAMOptimization\FrameworkCpp\vcpkg_installed\x64-windows\include\eigen3\Eigen\src\Core\arch\Default\GenericPacketMathFunctions.h(1941,1): warning C4819: 현재 코드 페이지(949)에서 표시할 수 없는 문자가 파일에 들어 있습니다. 데이터가 손실되지 않게 하려면 해당 파일을 유니코드 형식으로 저장하십시오.
  (소스 파일 'src/physics/PrimitiveDistance.cpp'을(를) 컴파일하는 중)
  
C:\local\project\UAMOptimization\FrameworkCpp\vcpkg_installed\x64-windows\include\eigen3\Eigen\src\Core\SkewSymmetricMatrix3.h(1,1): warning C4819: 현재 코드 페이지(949)에서 표시할 수 없는 문자가 파일에 들어 있습니다. 데이터가 손실되지 않게 하려면 해당 파일을 유니코드 형식으로 저장하십시오.
  (소스 파일 'src/physics/PrimitiveDistance.cpp'을(를) 컴파일하는 중)
  
C:\local\project\UAMOptimization\FrameworkCpp\vcpkg_installed\x64-windows\include\eigen3\Eigen\src\Core\products\GeneralBlockPanelKernel.h(2480,1): warning C4819: 현재 코드 페이지(949)에서 표시할 수 없는 문자가 파일에 들어 있습니다. 데이터가 손실되지 않게 하려면 해당 파일을 유니코드 형식으로 저장하십시오.
  (소스 파일 'src/physics/PrimitiveDistance.cpp'을(를) 컴파일하는 중)
  
  VehicleScalingModel.cpp
C:\local\project\UAMOptimization\FrameworkCpp\vcpkg_installed\x64-windows\include\eigen3\Eigen\src\Core\MathFunctions.h(811,1): warning C4819: 현재 코드 페이지(949)에서 표시할 수 없는 문자가 파일에 들어 있습니다. 데이터가 손실되지 않게 하려면 해당 파일을 유니코드 형식으로 저장하십시오.
  (소스 파일 'src/physics/VehicleScalingModel.cpp'을(를) 컴파일하는 중)
  
C:\local\project\UAMOptimization\FrameworkCpp\vcpkg_installed\x64-windows\include\eigen3\Eigen\src\Core\arch\Default\Half.h(1,1): warning C4819: 현재 코드 페이지(949)에서 표시할 수 없는 문자가 파일에 들어 있습니다. 데이터가 손실되지 않게 하려면 해당 파일을 유니코드 형식으로 저장하십시오.
  (소스 파일 'src/physics/VehicleScalingModel.cpp'을(를) 컴파일하는 중)
  
C:\local\project\UAMOptimization\FrameworkCpp\vcpkg_installed\x64-windows\include\eigen3\Eigen\src\Core\arch\Default\BFloat16.h(1,1): warning C4819: 현재 코드 페이지(949)에서 표시할 수 없는 문자가 파일에 들어 있습니다. 데이터가 손실되지 않게 하려면 해당 파일을 유니코드 형식으로 저장하십시오.
  (소스 파일 'src/physics/VehicleScalingModel.cpp'을(를) 컴파일하는 중)
  
C:\local\project\UAMOptimization\FrameworkCpp\vcpkg_installed\x64-windows\include\eigen3\Eigen\src\Core\arch\Default\GenericPacketMathFunctions.h(1335,1): warning C4819: 현재 코드 페이지(949)에서 표시할 수 없는 문자가 파일에 들어 있습니다. 데이터가 손실되지 않게 하려면 해당 파일을 유니코드 형식으로 저장하십시오.
  (소스 파일 'src/physics/VehicleScalingModel.cpp'을(를) 컴파일하는 중)
  
C:\local\project\UAMOptimization\FrameworkCpp\vcpkg_installed\x64-windows\include\eigen3\Eigen\src\Core\arch\Default\GenericPacketMathFunctions.h(1941,1): warning C4819: 현재 코드 페이지(949)에서 표시할 수 없는 문자가 파일에 들어 있습니다. 데이터가 손실되지 않게 하려면 해당 파일을 유니코드 형식으로 저장하십시오.
  (소스 파일 'src/physics/VehicleScalingModel.cpp'을(를) 컴파일하는 중)
  
C:\local\project\UAMOptimization\FrameworkCpp\vcpkg_installed\x64-windows\include\eigen3\Eigen\src\Core\SkewSymmetricMatrix3.h(1,1): warning C4819: 현재 코드 페이지(949)에서 표시할 수 없는 문자가 파일에 들어 있습니다. 데이터가 손실되지 않게 하려면 해당 파일을 유니코드 형식으로 저장하십시오.
  (소스 파일 'src/physics/VehicleScalingModel.cpp'을(를) 컴파일하는 중)
  
C:\local\project\UAMOptimization\FrameworkCpp\vcpkg_installed\x64-windows\include\eigen3\Eigen\src\Core\products\GeneralBlockPanelKernel.h(2480,1): warning C4819: 현재 코드 페이지(949)에서 표시할 수 없는 문자가 파일에 들어 있습니다. 데이터가 손실되지 않게 하려면 해당 파일을 유니코드 형식으로 저장하십시오.
  (소스 파일 'src/physics/VehicleScalingModel.cpp'을(를) 컴파일하는 중)
  
  코드를 생성하고 있습니다...
     C:\local\project\UAMOptimization\FrameworkCpp\x64\Debug\FrameworkCpp.lib 라이브러리 및 C:\local\project\UAMOptimization\FrameworkCpp\x64\Debug\FrameworkCpp.exp 개체를 생성하고 있습니다.
  FrameworkCpp.vcxproj -> C:\local\project\UAMOptimization\FrameworkCpp\x64\Debug\FrameworkCpp.exe
  'pwsh.exe'은(는) 내부 또는 외부 명령, 실행할 수 있는 프로그램, 또는
  배치 파일이 아닙니다.
